{
  "apps": [
    {
      "name": "pgbouncer",
      "count": 9
    },
    {
      "name": "psql",
      "count": 2
    }
  ],
  "clients": {
    "unique_databases": 1,
    "unique_users": 2,
    "unique_apps": 2,
    "unique_hosts": 2
  },
  "connections": {
    "connection_count": 5,
    "avg_connections_per_hour": "588.24",
    "disconnection_count": 5,
    "avg_session_time": "6.044s",
    "session_stats": {
      "count": 5,
      "min_duration": "5ms",
      "max_duration": "30.195s",
      "avg_duration": "6.044s",
      "median_duration": "7ms",
      "cumulated_duration": "30.22s"
    },
    "session_distribution": {
      "1min - 30min": 0,
      "1s - 1min": 1,
      "2h - 5h": 0,
      "30min - 2h": 0,
      "\u003c 1s": 4,
      "\u003e 5h": 0
    },
    "sessions_by_user": {
      "admin": {
        "count": 1,
        "min_duration": "30.195s",
        "max_duration": "30.195s",
        "avg_duration": "30.195s",
        "median_duration": "30.195s",
        "cumulated_duration": "30.195s"
      },
      "app_pool": {
        "count": 4,
        "min_duration": "5ms",
        "max_duration": "8ms",
        "avg_duration": "6.25ms",
        "median_duration": "6ms",
        "cumulated_duration": "25ms"
      }
    },
    "sessions_by_database": {
      "appdb": {
        "count": 5,
        "min_duration": "5ms",
        "max_duration": "30.195s",
        "avg_duration": "6.044s",
        "median_duration": "7ms",
        "cumulated_duration": "30.22s"
      }
    },
    "sessions_by_host": {
      "10.0.1.10": {
        "count": 4,
        "min_duration": "5ms",
        "max_duration": "8ms",
        "avg_duration": "6.25ms",
        "median_duration": "6ms",
        "cumulated_duration": "25ms"
      },
      "10.0.1.11": {
        "count": 1,
        "min_duration": "30.195s",
        "max_duration": "30.195s",
        "avg_duration": "30.195s",
        "median_duration": "30.195s",
        "cumulated_duration": "30.195s"
      }
    },
    "peak_concurrent_sessions": 1,
    "peak_concurrent_timestamp": "2026-04-19 19:00:00",
    "connections": [
      "2026-04-19 19:00:00",
      "2026-04-19 19:00:00",
      "2026-04-19 19:00:00",
      "2026-04-19 19:00:00",
      "2026-04-19 19:00:00"
    ],
    "session_events": [
      {
        "s": "2026-04-19T19:00:00",
        "e": "2026-04-19T19:00:00",
        "d": 8,
        "u": 1,
        "db": 1,
        "h": 1
      },
      {
        "s": "2026-04-19T19:00:00",
        "e": "2026-04-19T19:00:00",
        "d": 7,
        "u": 1,
        "db": 1,
        "h": 1
      },
      {
        "s": "2026-04-19T19:00:00",
        "e": "2026-04-19T19:00:00",
        "d": 5,
        "u": 1,
        "db": 1,
        "h": 1
      },
      {
        "s": "2026-04-19T19:00:00",
        "e": "2026-04-19T19:00:00",
        "d": 5,
        "u": 1,
        "db": 1,
        "h": 1
      },
      {
        "s": "2026-04-19T19:00:00",
        "e": "2026-04-19T19:00:30",
        "d": 30195,
        "u": 2,
        "db": 1,
        "h": 2
      }
    ],
    "session_users": [
      "",
      "app_pool",
      "admin"
    ],
    "session_databases": [
      "",
      "appdb"
    ],
    "session_hosts": [
      "",
      "10.0.1.10",
      "10.0.1.11"
    ]
  },
  "databases": [
    {
      "name": "appdb",
      "count": 11
    }
  ],
  "events": [
    {
      "type": "LOG",
      "count": 16,
      "percentage": 100
    }
  ],
  "hosts": [
    {
      "name": "10.0.1.10",
      "count": 13
    },
    {
      "name": "10.0.1.11",
      "count": 3
    }
  ],
  "sql_performance": {
    "total_query_duration": "0 ms",
    "total_queries_parsed": 1,
    "total_unique_queries": 1,
    "top_1_percent_slow_queries": 1,
    "query_max_duration": "0 ms",
    "query_min_duration": "0 ms",
    "query_median_duration": "0 ms",
    "query_99th_percentile": "0 ms",
    "executions": [
      {
        "timestamp": "2026-04-19 19:00:00",
        "duration_ms": 0.123,
        "query_id": "se-5SQJla"
      }
    ],
    "queries": [
      {
        "id": "se-5SQJla",
        "normalized_query": "set application_name = ?",
        "raw_query": "SET application_name = 'pgbouncer'",
        "type": "",
        "count": 1,
        "total_time_ms": 0.123,
        "avg_time_ms": 0.123,
        "max_time_ms": 0.123,
        "top_databases": [
          {
            "name": "appdb",
            "count": 1
          }
        ],
        "top_users": [
          {
            "name": "app_pool",
            "count": 1
          }
        ],
        "top_apps": [
          {
            "name": "pgbouncer",
            "count": 1
          }
        ],
        "top_hosts": [
          {
            "name": "10.0.1.10",
            "count": 1
          }
        ]
      }
    ]
  },
  "summary": {
    "start_date": "2026-04-19 19:00:00",
    "end_date": "2026-04-19 19:00:30",
    "duration": "30.6s",
    "total_logs": 16,
    "throughput": "0.52 entries/s",
    "error_count": 0,
    "fatal_count": 0,
    "panic_count": 0,
    "warning_count": 0,
    "log_count": 16,
    "utc_offset_minutes": 0
  },
  "users": [
    {
      "name": "app_pool",
      "count": 9
    },
    {
      "name": "admin",
      "count": 2
    }
  ]
}
