{
  "apps": [
    {
      "name": "psql",
      "count": 5
    }
  ],
  "clients": {
    "unique_databases": 2,
    "unique_users": 4,
    "unique_apps": 1,
    "unique_hosts": 4
  },
  "connections": {
    "connection_count": 2,
    "avg_connections_per_hour": "499.65",
    "disconnection_count": 2,
    "avg_session_time": "5.545s",
    "session_stats": {
      "count": 2,
      "min_duration": "1.09s",
      "max_duration": "10s",
      "avg_duration": "5.545s",
      "median_duration": "5.545s",
      "cumulated_duration": "11.09s"
    },
    "session_distribution": {
      "1min - 30min": 0,
      "1s - 1min": 2,
      "2h - 5h": 0,
      "30min - 2h": 0,
      "\u003c 1s": 0,
      "\u003e 5h": 0
    },
    "sessions_by_user": {
      "app": {
        "count": 2,
        "min_duration": "1.09s",
        "max_duration": "10s",
        "avg_duration": "5.545s",
        "median_duration": "5.545s",
        "cumulated_duration": "11.09s"
      }
    },
    "sessions_by_database": {
      "appdb": {
        "count": 2,
        "min_duration": "1.09s",
        "max_duration": "10s",
        "avg_duration": "5.545s",
        "median_duration": "5.545s",
        "cumulated_duration": "11.09s"
      }
    },
    "sessions_by_host": {
      "fe80::1234:5678": {
        "count": 1,
        "min_duration": "10s",
        "max_duration": "10s",
        "avg_duration": "10s",
        "median_duration": "10s",
        "cumulated_duration": "10s"
      }
    },
    "peak_concurrent_sessions": 2,
    "peak_concurrent_timestamp": "2026-04-20 05:00:05",
    "connections": [
      "2026-04-20 05:00:04",
      "2026-04-20 05:00:05"
    ],
    "session_events": [
      {
        "s": "2026-04-20T05:00:04",
        "e": "2026-04-20T05:00:14"
      },
      {
        "s": "2026-04-20T05:00:05",
        "e": "2026-04-20T05:00:06"
      }
    ]
  },
  "databases": [
    {
      "name": "appdb",
      "count": 9
    },
    {
      "name": "postgres",
      "count": 1
    }
  ],
  "events": [
    {
      "type": "LOG",
      "count": 6,
      "percentage": 60
    },
    {
      "type": "FATAL",
      "count": 4,
      "percentage": 40
    }
  ],
  "hosts": [
    {
      "name": "fe80::1234:5678",
      "count": 3
    },
    {
      "name": "10.0.0.50",
      "count": 1
    },
    {
      "name": "10.0.0.51",
      "count": 1
    },
    {
      "name": "10.0.0.52",
      "count": 1
    }
  ],
  "summary": {
    "start_date": "2026-04-20 05:00:00",
    "end_date": "2026-04-20 05:00:14",
    "duration": "14.41s",
    "total_logs": 10,
    "throughput": "0.69 entries/s",
    "error_count": 0,
    "fatal_count": 4,
    "panic_count": 0,
    "warning_count": 0,
    "log_count": 6
  },
  "top_events": [
    {
      "message": "LDAP authentication failed for user ?",
      "count": 1,
      "severity": "FATAL",
      "example": "[27004]: [1-1] user=ldapuser,db=appdb,app=[unknown],client=10.0.0.52 FATAL:  LDAP authentication failed for user \"ldapuser\"",
      "timestamps": [
        1776661203400
      ]
    },
    {
      "message": "Peer authentication failed for user ?",
      "count": 1,
      "severity": "FATAL",
      "example": "[27003]: [1-1] user=postgres,db=postgres,app=[unknown],client=[local] FATAL:  Peer authentication failed for user \"postgres\"",
      "timestamps": [
        1776661202300
      ]
    },
    {
      "message": "no pg_hba.conf entry for host ?, user ?, database ?, no encryption",
      "count": 1,
      "severity": "FATAL",
      "example": "[27002]: [1-1] user=app,db=appdb,app=[unknown],client=10.0.0.51 FATAL:  no pg_hba.conf entry for host \"10.0.0.51\", user \"app\", database \"appdb\", no encryption",
      "timestamps": [
        1776661201200
      ]
    },
    {
      "message": "password authentication failed for user ?",
      "count": 1,
      "severity": "FATAL",
      "example": "[27001]: [1-1] user=appuser,db=appdb,app=[unknown],client=10.0.0.50 FATAL:  password authentication failed for user \"appuser\"",
      "timestamps": [
        1776661200100
      ]
    }
  ],
  "users": [
    {
      "name": "app",
      "count": 7
    },
    {
      "name": "appuser",
      "count": 1
    },
    {
      "name": "ldapuser",
      "count": 1
    },
    {
      "name": "postgres",
      "count": 1
    }
  ]
}
