## SUMMARY

This _quellog_ report summarizes **4** log entries collected between 20 Apr 2026, 03:00 (UTC) — 20 Apr 2026, 03:01 (UTC), spanning 1m 5s of activity.

## EVENTS

- **LOG**: 4 (100.0%)

## AUTOVACUUM

- **Vacuum count**: 3
- **Cumulated time**: 49s
- **Tuples removed**: 10350
- **Space recovered**: 40.00 KB
- **Dead, not yet removable**: 1500000
- **Buffer usage**: hits=7100 misses=1555 dirtied=842 written=424
- **WAL usage**: 3430 records, 896.95 KB
- **Slowest single run**: 45s on `appdb.public.events`

### Top tables by autovacuum elapsed time

| Table | Vacuum count | Elapsed | Recovered |
|---|---:|---:|---:|
| `appdb.public.events` | 2 | 48s | 40.00 KB |
| `appdb.public.orders` | 1 | 1s |  |

### Tables with rows not yet removable

| Table | Dead rows | Vacuum count |
|---|---:|---:|
| `appdb.public.events` | 1500000 | 2 |

### Top tables by autovacuum count

| Table | Count | % of total | Recovered |
|---|---:|---:|---:|
| appdb.public.events | 2 | 66.67% | 40.00 KB |
| appdb.public.orders | 1 | 33.33% | 0 B |

## AUTOANALYZE

- **Analyze count**: 1
- **Cumulated time**: 0s

### Top tables by autoanalyze elapsed time

| Table | Analyze count | Elapsed |
|---|---:|---:|
| `appdb.public.users` | 1 | 0s |

### Top tables by autoanalyze count

| Table | Count | % of total | Recovered |
|---|---:|---:|---:|
| appdb.public.users | 1 | 100.00% | 0 B |


