## SUMMARY

This _quellog_ report summarizes **3** log entries collected between 19 Apr 2026, 15:00 (UTC) — 19 Apr 2026, 16:00 (UTC), spanning 1h of activity.

## EVENTS

- **LOG**: 3 (100.0%)

## AUTOVACUUM

- **Vacuum count**: 3
  - *of which aggressive*: 3
    - *anti-wraparound*: 1
- **Cumulated time**: 2m26s
- **Tuples removed**: 110407
- **Space recovered**: 7.28 MB
- **Dead, not yet removable**: 6876
- **Buffer usage**: hits=253523 misses=3646 dirtied=1374 written=0
- **Slowest single run**: 1m28s on `appdb.public.billing`

### Top tables by autovacuum elapsed time

| Table                       | Vacuum count | Elapsed | Recovered |
|-----------------------------|-------------:|--------:|----------:|
| `appdb.public.billing`      |            1 |   1m28s | 960.00 KB |
| `appdb.public.audit_logs`   |            1 |     45s |   4.43 MB |
| `appdb.public.large_events` |            1 |     12s |   1.91 MB |

### Tables with rows not yet removable

| Table                       | Dead rows | Vacuum count |
|-----------------------------|----------:|-------------:|
| `appdb.public.audit_logs`   |      5432 |            1 |
| `appdb.public.large_events` |      1234 |            1 |
| `appdb.public.billing`      |       210 |            1 |

### Top tables by autovacuum count

| Table                     | Count | % of total | Recovered |
|---------------------------|------:|-----------:|----------:|
| appdb.public.audit_logs   |     1 |     33.33% |   4.43 MB |
| appdb.public.billing      |     1 |     33.33% | 960.00 KB |
| appdb.public.large_events |     1 |     33.33% |   1.91 MB |


