## SUMMARY

This _quellog_ report summarizes **2** log entries collected between 19 Apr 2026, 15:00 (UTC) — 19 Apr 2026, 15:30 (UTC), spanning 30m of activity.

## EVENTS

- **LOG**: 2 (100.0%)

## AUTOVACUUM

- **Vacuum count**: 2
  - *of which aggressive*: 2
- **Cumulated time**: 58s
- **Tuples removed**: 106086
- **Space recovered**: 6.34 MB
- **Dead, not yet removable**: 6666
- **Buffer usage**: hits=103523 misses=1546 dirtied=484 written=0
- **Slowest single run**: 45s on `appdb.public.audit_logs`

### Top tables by autovacuum elapsed time

| Table | Vacuum count | Elapsed | Recovered |
|---|---:|---:|---:|
| `appdb.public.audit_logs` | 1 | 45s | 4.43 MB |
| `appdb.public.large_events` | 1 | 12s | 1.91 MB |

### Tables with rows not yet removable

| Table | Dead rows | Vacuum count |
|---|---:|---:|
| `appdb.public.audit_logs` | 5432 | 1 |
| `appdb.public.large_events` | 1234 | 1 |

### Top tables by autovacuum count

| Table | Count | % of total | Recovered |
|---|---:|---:|---:|
| appdb.public.audit_logs | 1 | 50.00% | 4.43 MB |
| appdb.public.large_events | 1 | 50.00% | 1.91 MB |


