{
  "apps": [
    {
      "name": "psql",
      "count": 6
    }
  ],
  "clients": {
    "unique_databases": 1,
    "unique_users": 1,
    "unique_apps": 1,
    "unique_hosts": 6
  },
  "databases": [
    {
      "name": "appdb",
      "count": 6
    }
  ],
  "events": [
    {
      "type": "ERROR",
      "count": 4,
      "percentage": 66.66666666666666
    },
    {
      "type": "FATAL",
      "count": 1,
      "percentage": 16.666666666666664
    },
    {
      "type": "WARNING",
      "count": 1,
      "percentage": 16.666666666666664
    }
  ],
  "hosts": [
    {
      "name": "10.0.0.60",
      "count": 1
    },
    {
      "name": "10.0.0.61",
      "count": 1
    },
    {
      "name": "10.0.0.62",
      "count": 1
    },
    {
      "name": "10.0.0.63",
      "count": 1
    },
    {
      "name": "10.0.0.64",
      "count": 1
    },
    {
      "name": "10.0.0.65",
      "count": 1
    }
  ],
  "summary": {
    "start_date": "2026-04-19 21:00:00",
    "end_date": "2026-04-19 21:00:05",
    "duration": "5.5s",
    "total_logs": 6,
    "throughput": "1.09 entries/s",
    "error_count": 4,
    "fatal_count": 1,
    "panic_count": 0,
    "warning_count": 1,
    "log_count": 0
  },
  "top_events": [
    {
      "message": "canceling statement due to lock timeout",
      "count": 1,
      "severity": "ERROR",
      "example": "[13004]: [1-1] user=app,db=appdb,app=psql,client=10.0.0.63 ERROR:  canceling statement due to lock timeout"
    },
    {
      "message": "insert or update on table ? violates foreign key constraint ?",
      "count": 1,
      "severity": "ERROR",
      "example": "[13003]: [1-1] user=app,db=appdb,app=psql,client=10.0.0.62 ERROR:  insert or update on table \"orders\" violates foreign key constraint \"orders_user_id_fkey\""
    },
    {
      "message": "password authentication failed for user ?",
      "count": 1,
      "severity": "FATAL",
      "example": "[13006]: [1-1] user=app,db=appdb,app=psql,client=10.0.0.65 FATAL:  password authentication failed for user \"wronguser\""
    },
    {
      "message": "permission denied for table audit_logs",
      "count": 1,
      "severity": "ERROR",
      "example": "[13002]: [1-1] user=app,db=appdb,app=psql,client=10.0.0.61 ERROR:  permission denied for table audit_logs"
    },
    {
      "message": "syntax error at or near ?",
      "count": 1,
      "severity": "ERROR",
      "example": "[13001]: [1-1] user=app,db=appdb,app=psql,client=10.0.0.60 ERROR:  syntax error at or near \"FORM\""
    },
    {
      "message": "there is no transaction in progress",
      "count": 1,
      "severity": "WARNING",
      "example": "[13005]: [1-1] user=app,db=appdb,app=psql,client=10.0.0.64 WARNING:  there is no transaction in progress"
    }
  ],
  "users": [
    {
      "name": "app",
      "count": 6
    }
  ]
}
