{
  "apps": [
    {
      "name": "psql",
      "count": 3
    }
  ],
  "clients": {
    "unique_databases": 1,
    "unique_users": 1,
    "unique_apps": 1,
    "unique_hosts": 1
  },
  "databases": [
    {
      "name": "appdb",
      "count": 3
    }
  ],
  "events": [
    {
      "type": "LOG",
      "count": 3,
      "percentage": 100
    }
  ],
  "hosts": [
    {
      "name": "10.0.0.10",
      "count": 3
    }
  ],
  "locks": {
    "total_events": 1,
    "waiting_events": 0,
    "acquired_events": 1,
    "total_wait_time": "3.20 s",
    "avg_wait_time": "3.20 s",
    "lock_type_stats": {
      "ShareLock": 1
    },
    "resource_type_stats": {
      "transaction": 1
    },
    "events": [
      {
        "timestamp": "2026-04-19 11:00:00",
        "event_type": "waiting",
        "lock_type": "ShareLock",
        "resource_type": "transaction",
        "wait_time": "1.50 s",
        "process_id": "4001",
        "query_id": "se-WbofPa",
        "blocking_pid": "4002"
      },
      {
        "timestamp": "2026-04-19 11:00:01",
        "event_type": "acquired",
        "lock_type": "ShareLock",
        "resource_type": "transaction",
        "wait_time": "3.20 s",
        "process_id": "4001",
        "query_id": "se-WbofPa",
        "blocking_pid": "4002"
      }
    ],
    "queries": [
      {
        "id": "se-WbofPa",
        "normalized_query": "select * from bookings where id = ? for update",
        "raw_query": "SELECT * FROM bookings WHERE id = 999 FOR UPDATE",
        "acquired_count": 1,
        "acquired_wait_time": "3.20 s",
        "still_waiting_count": 0,
        "still_waiting_time": "0 ms",
        "total_wait_time": "3.20 s"
      }
    ]
  },
  "sql_performance": {
    "total_query_duration": "3.30 s",
    "total_queries_parsed": 1,
    "total_unique_queries": 1,
    "top_1_percent_slow_queries": 1,
    "query_max_duration": "3.30 s",
    "query_min_duration": "3.30 s",
    "query_median_duration": "3.30 s",
    "query_99th_percentile": "3.30 s",
    "executions": [
      {
        "timestamp": "2026-04-19 11:00:01",
        "duration_ms": 3300.5,
        "query_id": "se-WbofPa"
      }
    ],
    "queries": [
      {
        "id": "se-WbofPa",
        "normalized_query": "select * from bookings where id = ? for update",
        "raw_query": "SELECT * FROM bookings WHERE id = 999 FOR UPDATE",
        "type": "",
        "count": 1,
        "total_time_ms": 3300.5,
        "avg_time_ms": 3300.5,
        "max_time_ms": 3300.5
      }
    ]
  },
  "summary": {
    "start_date": "2026-04-19 11:00:00",
    "end_date": "2026-04-19 11:00:01",
    "duration": "1.7s",
    "total_logs": 3,
    "throughput": "1.76 entries/s",
    "error_count": 0,
    "fatal_count": 0,
    "panic_count": 0,
    "warning_count": 0,
    "log_count": 3
  },
  "users": [
    {
      "name": "app",
      "count": 3
    }
  ]
}
