## SUMMARY

This _quellog_ report summarizes **3** log entries collected between 19 Apr 2026, 12:00 (UTC) — 19 Apr 2026, 12:03 (UTC), spanning 3m 45s of activity.

## EVENTS

- **LOG**: 3 (100.0%)

## LOCKS

- **Total lock events**: 3
- **Still waiting**: 3
- **Acquired events**: 0

### Lock Types

| Lock Type | Count | Percentage |
|---|---:|---:|
| ShareLock | 3 | 100.0% |

### Resource Types

| Resource Type | Count | Percentage |
|---|---:|---:|
| transaction | 3 | 100.0% |

### Relations

| Relation | Count | Percentage |
|---|---:|---:|
| orders | 2 | 66.7% |
| customers | 1 | 33.3% |

### Waiting Queries

| SQLID     | Query                                            | Acquired | Waiting | Total Wait |
|-----------|--------------------------------------------------|---------:|--------:|-----------:|
| up-L2dNae | update customers set active = false where id = ? |        0 |       1 |     1.20 s |
| up-dWz4qk | update orders set total = ? where id = ?         |        0 |       1 |     1.10 s |
| up-ECQ1ze | update orders set status = ? where id = ?        |        0 |       1 |     1.05 s |

## CLIENTS

- **Unique DBs**: 1
- **Unique Users**: 1
- **Unique Apps**: 1
- **Unique Hosts**: 3

### USERS

| User | Count |      % |
|------|------:|-------:|
| app  |     3 | 100.0% |

### APPS

| App  | Count |      % |
|------|------:|-------:|
| psql |     3 | 100.0% |

### DATABASES

| Database | Count |      % |
|----------|------:|-------:|
| appdb    |     3 | 100.0% |

### HOSTS

| Host      | Count |     % |
|-----------|------:|------:|
| 10.0.0.20 |     1 | 33.3% |
| 10.0.0.21 |     1 | 33.3% |
| 10.0.0.22 |     1 | 33.3% |

### USER × DATABASE

| User | Database | Count |      % |
|------|----------|------:|-------:|
| app  | appdb    |     3 | 100.0% |

### USER × HOST

| User | Host      | Count |     % |
|------|-----------|------:|------:|
| app  | 10.0.0.20 |     1 | 33.3% |
| app  | 10.0.0.21 |     1 | 33.3% |
| app  | 10.0.0.22 |     1 | 33.3% |


