## SUMMARY

This _quellog_ report summarizes **2** log entries collected between 19 Apr 2026, 22:00 (UTC) — 19 Apr 2026, 22:00 (UTC), spanning 1s of activity.

## SQL SUMMARY

### Query load distribution

```
22:00 - 22:00 |  -
```

|  |  |  |  |
|---|---:|---|---:|
| Total query duration | 543 ms | Total queries parsed | 1 |
| Total unique queries | 1 | Top 1% slow queries | 1 |
| Query max duration | 543 ms | Query min duration | 543 ms |
| Query median duration | 543 ms | Query 99% max duration | 543 ms |

### Query duration distribution

```
  < 1 ms |  -
 < 10 ms |  -
< 100 ms |  -
   < 1 s |  -
  < 10 s |  -
 >= 10 s |  -
```

### Query Statistics

**Slowest queries (top 10)**

| SQLID | Max | Avg | Count | Query |
|---|---:|---:|---:|---|
| wi-CENSLw | 543 ms | 543 ms | 1 | with recursive category_tree as ( select id, name, parent_id, ? as depth from... |

**Most frequent queries (top 10)**

| SQLID | Count | Avg | Max | Query |
|---|---:|---:|---:|---|
| wi-CENSLw | 1 | 543 ms | 543 ms | with recursive category_tree as ( select id, name, parent_id, ? as depth from... |

**Most time consuming queries (top 10)**

| SQLID | Total | Avg | Count | Query |
|---|---:|---:|---:|---|
| wi-CENSLw | 543 ms | 543 ms | 1 | with recursive category_tree as ( select id, name, parent_id, ? as depth from... |

## EVENTS

- **ERROR**: 1 (50.0%)
  - `syntax error at end of input` (1) [100.0%]

- **LOG**: 1 (50.0%)

## CLIENTS

- **Unique DBs**: 1
- **Unique Users**: 1
- **Unique Apps**: 1
- **Unique Hosts**: 2

### USERS

| User | Count | % |
|---|---:|---:|
| app | 2 | 100.0% |

### APPS

| App | Count | % |
|---|---:|---:|
| psql | 2 | 100.0% |

### DATABASES

| Database | Count | % |
|---|---:|---:|
| appdb | 2 | 100.0% |

### HOSTS

| Host | Count | % |
|---|---:|---:|
| 10.0.0.70 | 1 | 50.0% |
| 10.0.0.71 | 1 | 50.0% |

### USER × DATABASE

| User | Database | Count | % |
|---|---|---:|---:|
| app | appdb | 2 | 100.0% |

### USER × HOST

| User | Host | Count | % |
|---|---|---:|---:|
| app | 10.0.0.70 | 1 | 50.0% |
| app | 10.0.0.71 | 1 | 50.0% |


