{
  "apps": [
    {
      "name": "psql",
      "count": 10
    }
  ],
  "clients": {
    "unique_databases": 1,
    "unique_users": 1,
    "unique_apps": 1,
    "unique_hosts": 3
  },
  "databases": [
    {
      "name": "appdb",
      "count": 10
    }
  ],
  "events": [
    {
      "type": "LOG",
      "count": 10,
      "percentage": 100
    }
  ],
  "hosts": [
    {
      "name": "10.0.0.3",
      "count": 4
    },
    {
      "name": "10.0.0.4",
      "count": 3
    },
    {
      "name": "10.0.0.5",
      "count": 3
    }
  ],
  "sql_performance": {
    "total_query_duration": "43 ms",
    "total_queries_parsed": 10,
    "total_unique_queries": 7,
    "top_1_percent_slow_queries": 1,
    "query_max_duration": "15 ms",
    "query_min_duration": "0 ms",
    "query_median_duration": "0 ms",
    "query_99th_percentile": "15 ms",
    "executions": [
      {
        "timestamp": "2026-04-20 00:00:00",
        "duration_ms": 0.234,
        "query_id": "be-jViak3"
      },
      {
        "timestamp": "2026-04-20 00:00:00",
        "duration_ms": 12.345,
        "query_id": "se-Mc7IGz"
      },
      {
        "timestamp": "2026-04-20 00:00:00",
        "duration_ms": 5.678,
        "query_id": "up-DX6w97"
      },
      {
        "timestamp": "2026-04-20 00:00:00",
        "duration_ms": 0.123,
        "query_id": "ct-yk1n6g"
      },
      {
        "timestamp": "2026-04-20 00:00:01",
        "duration_ms": 0.345,
        "query_id": "be-jViak3"
      },
      {
        "timestamp": "2026-04-20 00:00:01",
        "duration_ms": 8.901,
        "query_id": "se-nAXqVo"
      },
      {
        "timestamp": "2026-04-20 00:00:01",
        "duration_ms": 0.234,
        "query_id": "rb-Zumz2W"
      },
      {
        "timestamp": "2026-04-20 00:00:02",
        "duration_ms": 0.456,
        "query_id": "be-jViak3"
      },
      {
        "timestamp": "2026-04-20 00:00:02",
        "duration_ms": 15.234,
        "query_id": "in-hzD69N"
      },
      {
        "timestamp": "2026-04-20 00:00:02",
        "duration_ms": 0.123,
        "query_id": "ct-yk1n6g"
      }
    ],
    "queries": [
      {
        "id": "be-jViak3",
        "normalized_query": "begin",
        "raw_query": "BEGIN",
        "type": "",
        "count": 3,
        "total_time_ms": 1.035,
        "avg_time_ms": 0.345,
        "max_time_ms": 0.456
      },
      {
        "id": "ct-yk1n6g",
        "normalized_query": "commit",
        "raw_query": "COMMIT",
        "type": "",
        "count": 2,
        "total_time_ms": 0.246,
        "avg_time_ms": 0.123,
        "max_time_ms": 0.123
      },
      {
        "id": "in-hzD69N",
        "normalized_query": "insert into orders (user_id, total) values (?, ?)",
        "raw_query": "INSERT INTO orders (user_id, total) VALUES (5, 75.00)",
        "type": "",
        "count": 1,
        "total_time_ms": 15.234,
        "avg_time_ms": 15.234,
        "max_time_ms": 15.234
      },
      {
        "id": "rb-Zumz2W",
        "normalized_query": "rollback",
        "raw_query": "ROLLBACK",
        "type": "",
        "count": 1,
        "total_time_ms": 0.234,
        "avg_time_ms": 0.234,
        "max_time_ms": 0.234
      },
      {
        "id": "se-Mc7IGz",
        "normalized_query": "select * from users where active = true",
        "raw_query": "SELECT * FROM users WHERE active = true",
        "type": "",
        "count": 1,
        "total_time_ms": 12.345,
        "avg_time_ms": 12.345,
        "max_time_ms": 12.345
      },
      {
        "id": "se-nAXqVo",
        "normalized_query": "select * from orders where id = ?",
        "raw_query": "SELECT * FROM orders WHERE id = 100",
        "type": "",
        "count": 1,
        "total_time_ms": 8.901,
        "avg_time_ms": 8.901,
        "max_time_ms": 8.901
      },
      {
        "id": "up-DX6w97",
        "normalized_query": "update users set last_seen = now() where id = ?",
        "raw_query": "UPDATE users SET last_seen = now() WHERE id = 1",
        "type": "",
        "count": 1,
        "total_time_ms": 5.678,
        "avg_time_ms": 5.678,
        "max_time_ms": 5.678
      }
    ]
  },
  "summary": {
    "start_date": "2026-04-20 00:00:00",
    "end_date": "2026-04-20 00:00:02",
    "duration": "2.2s",
    "total_logs": 10,
    "throughput": "4.55 entries/s",
    "error_count": 0,
    "fatal_count": 0,
    "panic_count": 0,
    "warning_count": 0,
    "log_count": 10
  },
  "users": [
    {
      "name": "app",
      "count": 10
    }
  ]
}
