{
  "apps": [
    {
      "name": "psql",
      "count": 15
    }
  ],
  "clients": {
    "unique_databases": 1,
    "unique_users": 1,
    "unique_apps": 1,
    "unique_hosts": 1
  },
  "databases": [
    {
      "name": "appdb",
      "count": 15
    }
  ],
  "events": [
    {
      "type": "LOG",
      "count": 15,
      "percentage": 100
    }
  ],
  "hosts": [
    {
      "name": "10.0.0.1",
      "count": 15
    }
  ],
  "sql_performance": {
    "total_query_duration": "45 ms",
    "total_queries_parsed": 15,
    "total_unique_queries": 5,
    "top_1_percent_slow_queries": 1,
    "query_max_duration": "5 ms",
    "query_min_duration": "1 ms",
    "query_median_duration": "2 ms",
    "query_99th_percentile": "5 ms",
    "executions": [
      {
        "timestamp": "2026-04-19 23:00:00",
        "duration_ms": 1.234,
        "query_id": "in-hzD69N"
      },
      {
        "timestamp": "2026-04-19 23:00:00",
        "duration_ms": 1.345,
        "query_id": "in-hzD69N"
      },
      {
        "timestamp": "2026-04-19 23:00:00",
        "duration_ms": 1.456,
        "query_id": "in-hzD69N"
      },
      {
        "timestamp": "2026-04-19 23:00:00",
        "duration_ms": 1.567,
        "query_id": "in-hzD69N"
      },
      {
        "timestamp": "2026-04-19 23:00:00",
        "duration_ms": 1.678,
        "query_id": "in-hzD69N"
      },
      {
        "timestamp": "2026-04-19 23:00:00",
        "duration_ms": 2.345,
        "query_id": "se-6h5jCe"
      },
      {
        "timestamp": "2026-04-19 23:00:00",
        "duration_ms": 2.456,
        "query_id": "se-6h5jCe"
      },
      {
        "timestamp": "2026-04-19 23:00:00",
        "duration_ms": 2.567,
        "query_id": "se-6h5jCe"
      },
      {
        "timestamp": "2026-04-19 23:00:00",
        "duration_ms": 5.678,
        "query_id": "up-p2E83N"
      },
      {
        "timestamp": "2026-04-19 23:00:01",
        "duration_ms": 5.789,
        "query_id": "up-p2E83N"
      },
      {
        "timestamp": "2026-04-19 23:00:02",
        "duration_ms": 3.111,
        "query_id": "se-RCQDYk"
      },
      {
        "timestamp": "2026-04-19 23:00:02",
        "duration_ms": 3.222,
        "query_id": "se-RCQDYk"
      },
      {
        "timestamp": "2026-04-19 23:00:03",
        "duration_ms": 4.111,
        "query_id": "se-x0Bojn"
      },
      {
        "timestamp": "2026-04-19 23:00:03",
        "duration_ms": 4.222,
        "query_id": "se-x0Bojn"
      },
      {
        "timestamp": "2026-04-19 23:00:03",
        "duration_ms": 4.333,
        "query_id": "se-x0Bojn"
      }
    ],
    "queries": [
      {
        "id": "in-hzD69N",
        "normalized_query": "insert into orders (user_id, total) values (?, ?)",
        "raw_query": "INSERT INTO orders (user_id, total) VALUES (1, 99.99)",
        "type": "",
        "count": 5,
        "total_time_ms": 7.28,
        "avg_time_ms": 1.456,
        "max_time_ms": 1.678
      },
      {
        "id": "se-6h5jCe",
        "normalized_query": "select * from users where id = ?",
        "raw_query": "SELECT * FROM users WHERE id = 1",
        "type": "",
        "count": 3,
        "total_time_ms": 7.368,
        "avg_time_ms": 2.456,
        "max_time_ms": 2.567
      },
      {
        "id": "se-RCQDYk",
        "normalized_query": "select * from \"MyTable\" where \"UserId\" = ?",
        "raw_query": "SELECT * FROM \"MyTable\" WHERE \"UserId\" = 1",
        "type": "",
        "count": 2,
        "total_time_ms": 6.333,
        "avg_time_ms": 3.1665,
        "max_time_ms": 3.222
      },
      {
        "id": "se-x0Bojn",
        "normalized_query": "select * from products where id in (...)",
        "raw_query": "SELECT * FROM products WHERE id IN (1)",
        "type": "",
        "count": 3,
        "total_time_ms": 12.666,
        "avg_time_ms": 4.222,
        "max_time_ms": 4.333
      },
      {
        "id": "up-p2E83N",
        "normalized_query": "update users set email = ? where id = ?",
        "raw_query": "UPDATE users SET email = 'a@b.com' WHERE id = 1",
        "type": "",
        "count": 2,
        "total_time_ms": 11.466999999999999,
        "avg_time_ms": 5.733499999999999,
        "max_time_ms": 5.789
      }
    ]
  },
  "summary": {
    "start_date": "2026-04-19 23:00:00",
    "end_date": "2026-04-19 23:00:03",
    "duration": "3.1s",
    "total_logs": 15,
    "throughput": "4.84 entries/s",
    "error_count": 0,
    "fatal_count": 0,
    "panic_count": 0,
    "warning_count": 0,
    "log_count": 15
  },
  "users": [
    {
      "name": "app",
      "count": 15
    }
  ]
}
