Apr 02 12:43:09.000000 172.28.0.2 postgres[1091]: [11-1] 2026-04-02 12:43:09.513 UTC [1091] 00000: db=app_db,user=app_user,app=Django ORM v4.2,client=172.28.0.10 LOG:  disconnection: session time: 0:00:00.007 user=app_user database=app_db host=172.28.0.10 port=57130
Apr 02 12:43:09.000000 172.28.0.2 postgres[1093]: [7-1] 2026-04-02 12:43:09.637 UTC [1093] 00000: db=[unknown],user=[unknown],app=[unknown],client=172.28.0.10 LOG:  connection received: host=172.28.0.10 port=57160
Apr 02 12:43:09.000000 172.28.0.2 postgres[1094]: [7-1] 2026-04-02 12:43:09.638 UTC [1094] 00000: db=[unknown],user=[unknown],app=[unknown],client=172.28.0.30 LOG:  connection received: host=172.28.0.30 port=41648
Apr 02 12:43:09.000000 172.28.0.2 postgres[1095]: [7-1] 2026-04-02 12:43:09.638 UTC [1095] 00000: db=[unknown],user=[unknown],app=[unknown],client=172.28.0.10 LOG:  connection received: host=172.28.0.10 port=57166
Apr 02 12:43:09.000000 172.28.0.2 postgres[1098]: [7-1] 2026-04-02 12:43:09.640 UTC [1098] 00000: db=[unknown],user=[unknown],app=[unknown],client=172.28.0.10 LOG:  connection received: host=172.28.0.10 port=57180
Apr 02 12:43:09.000000 172.28.0.2 postgres[1096]: [7-1] 2026-04-02 12:43:09.640 UTC [1096] 00000: db=[unknown],user=[unknown],app=[unknown],client=172.28.0.20 LOG:  connection received: host=172.28.0.20 port=47060
Apr 02 12:43:09.000000 172.28.0.2 postgres[1099]: [7-1] 2026-04-02 12:43:09.641 UTC [1099] 00000: db=[unknown],user=[unknown],app=[unknown],client=172.28.0.20 LOG:  connection received: host=172.28.0.20 port=47074
Apr 02 12:43:09.000000 172.28.0.2 postgres[1100]: [7-1] 2026-04-02 12:43:09.641 UTC [1100] 00000: db=[unknown],user=[unknown],app=[unknown],client=172.28.0.20 LOG:  connection received: host=172.28.0.20 port=47090
Apr 02 12:43:09.000000 172.28.0.2 postgres[1097]: [7-1] 2026-04-02 12:43:09.641 UTC [1097] 00000: db=[unknown],user=[unknown],app=[unknown],client=172.28.0.10 LOG:  connection received: host=172.28.0.10 port=57170
Apr 02 12:43:09.000000 172.28.0.2 postgres[1101]: [7-1] 2026-04-02 12:43:09.642 UTC [1101] 00000: db=[unknown],user=[unknown],app=[unknown],client=172.28.0.10 LOG:  connection received: host=172.28.0.10 port=57196
Apr 02 12:43:09.000000 172.28.0.2 postgres[1094]: [8-1] 2026-04-02 12:43:09.644 UTC [1094] 00000: db=postgres,user=admin,app=[unknown],client=172.28.0.30 LOG:  connection authenticated: identity="admin" method=scram-sha-256 (/var/lib/postgresql/data/pg_hba.conf:128)
Apr 02 12:43:09.000000 172.28.0.2 postgres[1094]: [9-1] 2026-04-02 12:43:09.644 UTC [1094] 00000: db=postgres,user=admin,app=[unknown],client=172.28.0.30 LOG:  connection authorized: user=admin database=postgres application_name=pgadmin
Apr 02 12:43:09.000000 172.28.0.2 postgres[1093]: [8-1] 2026-04-02 12:43:09.646 UTC [1093] 00000: db=app_db,user=app_user,app=[unknown],client=172.28.0.10 LOG:  connection authenticated: identity="app_user" method=scram-sha-256 (/var/lib/postgresql/data/pg_hba.conf:128)
Apr 02 12:43:09.000000 172.28.0.2 postgres[1099]: [8-1] 2026-04-02 12:43:09.646 UTC [1099] 00000: db=app_db,user=batch,app=[unknown],client=172.28.0.20 LOG:  connection authenticated: identity="batch" method=scram-sha-256 (/var/lib/postgresql/data/pg_hba.conf:128)
Apr 02 12:43:09.000000 172.28.0.2 postgres[1100]: [8-1] 2026-04-02 12:43:09.646 UTC [1100] 00000: db=app_db,user=batch,app=[unknown],client=172.28.0.20 LOG:  connection authenticated: identity="batch" method=scram-sha-256 (/var/lib/postgresql/data/pg_hba.conf:128)
Apr 02 12:43:09.000000 172.28.0.2 postgres[1099]: [9-1] 2026-04-02 12:43:09.646 UTC [1099] 00000: db=app_db,user=batch,app=[unknown],client=172.28.0.20 LOG:  connection authorized: user=batch database=app_db application_name=batch_worker_2
Apr 02 12:43:09.000000 172.28.0.2 postgres[1100]: [9-1] 2026-04-02 12:43:09.646 UTC [1100] 00000: db=app_db,user=batch,app=[unknown],client=172.28.0.20 LOG:  connection authorized: user=batch database=app_db application_name=batch_worker_1
Apr 02 12:43:09.000000 172.28.0.2 postgres[1093]: [9-1] 2026-04-02 12:43:09.647 UTC [1093] 00000: db=app_db,user=app_user,app=[unknown],client=172.28.0.10 LOG:  connection authorized: user=app_user database=app_db application_name=webapp_5
Apr 02 12:43:09.000000 172.28.0.2 postgres[1099]: [10-1] 2026-04-02 12:43:09.647 UTC [1099] 00000: db=app_db,user=batch,app=batch_worker_2,client=172.28.0.20 LOG:  duration: 0.263 ms  statement: SELECT pg_backend_pid();
Apr 02 12:43:09.000000 172.28.0.2 postgres[1094]: [10-1] 2026-04-02 12:43:09.647 UTC [1094] 00000: db=postgres,user=admin,app=pgadmin,client=172.28.0.30 LOG:  duration: 2.426 ms  statement: SELECT count(*) FROM pg_stat_activity;
Apr 02 12:43:09.000000 172.28.0.2 postgres[1099]: [11-1] 2026-04-02 12:43:09.648 UTC [1099] 00000: db=app_db,user=batch,app=batch_worker_2,client=172.28.0.20 LOG:  disconnection: session time: 0:00:00.007 user=batch database=app_db host=172.28.0.20 port=47074
Apr 02 12:43:09.000000 172.28.0.2 postgres[1100]: [10-1] 2026-04-02 12:43:09.648 UTC [1100] 00000: db=app_db,user=batch,app=batch_worker_1,client=172.28.0.20 LOG:  duration: 0.181 ms  statement: SELECT pg_backend_pid();
Apr 02 12:43:09.000000 172.28.0.2 postgres[1094]: [11-1] 2026-04-02 12:43:09.648 UTC [1094] 00000: db=postgres,user=admin,app=pgadmin,client=172.28.0.30 LOG:  disconnection: session time: 0:00:00.010 user=admin database=postgres host=172.28.0.30 port=41648
Apr 02 12:43:09.000000 172.28.0.2 postgres[1100]: [11-1] 2026-04-02 12:43:09.649 UTC [1100] 00000: db=app_db,user=batch,app=batch_worker_1,client=172.28.0.20 LOG:  disconnection: session time: 0:00:00.007 user=batch database=app_db host=172.28.0.20 port=47090
Apr 02 12:43:09.000000 172.28.0.2 postgres[1093]: [10-1] 2026-04-02 12:43:09.649 UTC [1093] 00000: db=app_db,user=app_user,app=webapp_5,client=172.28.0.10 LOG:  duration: 0.196 ms  statement: SELECT pg_backend_pid();
Apr 02 12:43:09.000000 172.28.0.2 postgres[1093]: [11-1] 2026-04-02 12:43:09.649 UTC [1093] 00000: db=app_db,user=app_user,app=webapp_5,client=172.28.0.10 LOG:  disconnection: session time: 0:00:00.012 user=app_user database=app_db host=172.28.0.10 port=57160
Apr 02 12:43:09.000000 172.28.0.2 postgres[1096]: [8-1] 2026-04-02 12:43:09.651 UTC [1096] 00000: db=app_db,user=batch,app=[unknown],client=172.28.0.20 LOG:  connection authenticated: identity="batch" method=scram-sha-256 (/var/lib/postgresql/data/pg_hba.conf:128)
Apr 02 12:43:09.000000 172.28.0.2 postgres[1097]: [8-1] 2026-04-02 12:43:09.651 UTC [1097] 00000: db=app_db,user=app_user,app=[unknown],client=172.28.0.10 LOG:  connection authenticated: identity="app_user" method=scram-sha-256 (/var/lib/postgresql/data/pg_hba.conf:128)
Apr 02 12:43:09.000000 172.28.0.2 postgres[1096]: [9-1] 2026-04-02 12:43:09.651 UTC [1096] 00000: db=app_db,user=batch,app=[unknown],client=172.28.0.20 LOG:  connection authorized: user=batch database=app_db application_name=batch_worker_3
Apr 02 12:43:09.000000 172.28.0.2 postgres[1097]: [9-1] 2026-04-02 12:43:09.651 UTC [1097] 00000: db=app_db,user=app_user,app=[unknown],client=172.28.0.10 LOG:  connection authorized: user=app_user database=app_db application_name=webapp_2
Apr 02 12:43:09.000000 172.28.0.2 postgres[1101]: [8-1] 2026-04-02 12:43:09.651 UTC [1101] 00000: db=app_db,user=app_user,app=[unknown],client=172.28.0.10 LOG:  connection authenticated: identity="app_user" method=scram-sha-256 (/var/lib/postgresql/data/pg_hba.conf:128)
Apr 02 12:43:09.000000 172.28.0.2 postgres[1101]: [9-1] 2026-04-02 12:43:09.651 UTC [1101] 00000: db=app_db,user=app_user,app=[unknown],client=172.28.0.10 LOG:  connection authorized: user=app_user database=app_db application_name=webapp_4
Apr 02 12:43:09.000000 172.28.0.2 postgres[1098]: [8-1] 2026-04-02 12:43:09.652 UTC [1098] 00000: db=app_db,user=app_user,app=[unknown],client=172.28.0.10 LOG:  connection authenticated: identity="app_user" method=scram-sha-256 (/var/lib/postgresql/data/pg_hba.conf:128)
Apr 02 12:43:09.000000 172.28.0.2 postgres[1098]: [9-1] 2026-04-02 12:43:09.652 UTC [1098] 00000: db=app_db,user=app_user,app=[unknown],client=172.28.0.10 LOG:  connection authorized: user=app_user database=app_db application_name=webapp_1
Apr 02 12:43:09.000000 172.28.0.2 postgres[1095]: [8-1] 2026-04-02 12:43:09.652 UTC [1095] 00000: db=app_db,user=app_user,app=[unknown],client=172.28.0.10 LOG:  connection authenticated: identity="app_user" method=scram-sha-256 (/var/lib/postgresql/data/pg_hba.conf:128)
Apr 02 12:43:09.000000 172.28.0.2 postgres[1095]: [9-1] 2026-04-02 12:43:09.653 UTC [1095] 00000: db=app_db,user=app_user,app=[unknown],client=172.28.0.10 LOG:  connection authorized: user=app_user database=app_db application_name=webapp_3
Apr 02 12:43:09.000000 172.28.0.2 postgres[1096]: [10-1] 2026-04-02 12:43:09.653 UTC [1096] 00000: db=app_db,user=batch,app=batch_worker_3,client=172.28.0.20 LOG:  duration: 0.235 ms  statement: SELECT pg_backend_pid();
Apr 02 12:43:09.000000 172.28.0.2 postgres[1097]: [10-1] 2026-04-02 12:43:09.653 UTC [1097] 00000: db=app_db,user=app_user,app=webapp_2,client=172.28.0.10 LOG:  duration: 0.475 ms  statement: SELECT pg_backend_pid();
Apr 02 12:43:09.000000 172.28.0.2 postgres[1098]: [10-1] 2026-04-02 12:43:09.653 UTC [1098] 00000: db=app_db,user=app_user,app=webapp_1,client=172.28.0.10 LOG:  duration: 0.152 ms  statement: SELECT pg_backend_pid();
Apr 02 12:43:09.000000 172.28.0.2 postgres[1101]: [10-1] 2026-04-02 12:43:09.653 UTC [1101] 00000: db=app_db,user=app_user,app=webapp_4,client=172.28.0.10 LOG:  duration: 0.141 ms  statement: SELECT pg_backend_pid();
Apr 02 12:43:09.000000 172.28.0.2 postgres[1097]: [11-1] 2026-04-02 12:43:09.653 UTC [1097] 00000: db=app_db,user=app_user,app=webapp_2,client=172.28.0.10 LOG:  disconnection: session time: 0:00:00.012 user=app_user database=app_db host=172.28.0.10 port=57170
Apr 02 12:43:09.000000 172.28.0.2 postgres[1096]: [11-1] 2026-04-02 12:43:09.653 UTC [1096] 00000: db=app_db,user=batch,app=batch_worker_3,client=172.28.0.20 LOG:  disconnection: session time: 0:00:00.013 user=batch database=app_db host=172.28.0.20 port=47060
Apr 02 12:43:09.000000 172.28.0.2 postgres[1101]: [11-1] 2026-04-02 12:43:09.653 UTC [1101] 00000: db=app_db,user=app_user,app=webapp_4,client=172.28.0.10 LOG:  disconnection: session time: 0:00:00.011 user=app_user database=app_db host=172.28.0.10 port=57196
Apr 02 12:43:09.000000 172.28.0.2 postgres[1098]: [11-1] 2026-04-02 12:43:09.654 UTC [1098] 00000: db=app_db,user=app_user,app=webapp_1,client=172.28.0.10 LOG:  disconnection: session time: 0:00:00.014 user=app_user database=app_db host=172.28.0.10 port=57180
Apr 02 12:43:09.000000 172.28.0.2 postgres[1095]: [10-1] 2026-04-02 12:43:09.655 UTC [1095] 00000: db=app_db,user=app_user,app=webapp_3,client=172.28.0.10 LOG:  duration: 0.208 ms  statement: SELECT pg_backend_pid();
Apr 02 12:43:09.000000 172.28.0.2 postgres[1095]: [11-1] 2026-04-02 12:43:09.656 UTC [1095] 00000: db=app_db,user=app_user,app=webapp_3,client=172.28.0.10 LOG:  disconnection: session time: 0:00:00.017 user=app_user database=app_db host=172.28.0.10 port=57166
Apr 02 12:43:09.000000 172.28.0.2 postgres[1103]: [7-1] 2026-04-02 12:43:09.756 UTC [1103] 00000: db=[unknown],user=[unknown],app=[unknown],client=172.28.0.30 LOG:  connection received: host=172.28.0.30 port=41658
Apr 02 12:43:09.000000 172.28.0.2 postgres[1104]: [7-1] 2026-04-02 12:43:09.756 UTC [1104] 00000: db=[unknown],user=[unknown],app=[unknown],client=172.28.0.30 LOG:  connection received: host=172.28.0.30 port=41674
Apr 02 12:43:09.000000 172.28.0.2 postgres[1103]: [8-1] 2026-04-02 12:43:09.761 UTC [1103] 00000: db=postgres,user=admin,app=[unknown],client=172.28.0.30 LOG:  connection authenticated: identity="admin" method=scram-sha-256 (/var/lib/postgresql/data/pg_hba.conf:128)
Apr 02 12:43:09.000000 172.28.0.2 postgres[1104]: [8-1] 2026-04-02 12:43:09.761 UTC [1104] 00000: db=postgres,user=admin,app=[unknown],client=172.28.0.30 LOG:  connection authenticated: identity="admin" method=scram-sha-256 (/var/lib/postgresql/data/pg_hba.conf:128)
Apr 02 12:43:09.000000 172.28.0.2 postgres[1103]: [9-1] 2026-04-02 12:43:09.761 UTC [1103] 00000: db=postgres,user=admin,app=[unknown],client=172.28.0.30 LOG:  connection authorized: user=admin database=postgres application_name=pgadmin
Apr 02 12:43:09.000000 172.28.0.2 postgres[1104]: [9-1] 2026-04-02 12:43:09.761 UTC [1104] 00000: db=postgres,user=admin,app=[unknown],client=172.28.0.30 LOG:  connection authorized: user=admin database=postgres application_name=pgadmin
Apr 02 12:43:09.000000 172.28.0.2 postgres[1103]: [10-1] 2026-04-02 12:43:09.763 UTC [1103] 00000: db=postgres,user=admin,app=pgadmin,client=172.28.0.30 LOG:  duration: 1.347 ms  statement: 
Apr 02 12:43:09.000000 172.28.0.2 postgres[1103]: [10-2] 	        SELECT datname, numbackends, xact_commit, xact_rollback
Apr 02 12:43:09.000000 172.28.0.2 postgres[1103]: [10-3] 	        FROM pg_stat_database WHERE datname NOT LIKE 'template%';
Apr 02 12:43:09.000000 172.28.0.2 postgres[1103]: [10-4] 	    
Apr 02 12:43:09.000000 172.28.0.2 postgres[1103]: [11-1] 2026-04-02 12:43:09.764 UTC [1103] 00000: db=postgres,user=admin,app=pgadmin,client=172.28.0.30 LOG:  disconnection: session time: 0:00:00.007 user=admin database=postgres host=172.28.0.30 port=41658
Apr 02 12:43:09.000000 172.28.0.2 postgres[1104]: [10-1] 2026-04-02 12:43:09.764 UTC [1104] 00000: db=postgres,user=admin,app=pgadmin,client=172.28.0.30 LOG:  duration: 1.896 ms  statement: 
Apr 02 12:43:09.000000 172.28.0.2 postgres[1104]: [10-2] 	        SELECT pid, usename, datname, state, query_start, query
Apr 02 12:43:09.000000 172.28.0.2 postgres[1104]: [10-3] 	        FROM pg_stat_activity WHERE state != 'idle';
Apr 02 12:43:09.000000 172.28.0.2 postgres[1104]: [10-4] 	    
Apr 02 12:43:09.000000 172.28.0.2 postgres[1104]: [11-1] 2026-04-02 12:43:09.764 UTC [1104] 00000: db=postgres,user=admin,app=pgadmin,client=172.28.0.30 LOG:  disconnection: session time: 0:00:00.008 user=admin database=postgres host=172.28.0.30 port=41674
Apr 02 12:43:09.000000 172.28.0.2 postgres[1105]: [7-1] 2026-04-02 12:43:09.860 UTC [1105] 00000: db=[unknown],user=[unknown],app=[unknown],client=172.28.0.10 LOG:  connection received: host=172.28.0.10 port=57208
Apr 02 12:43:09.000000 172.28.0.2 postgres[1106]: [7-1] 2026-04-02 12:43:09.861 UTC [1106] 00000: db=[unknown],user=[unknown],app=[unknown],client=172.28.0.10 LOG:  connection received: host=172.28.0.10 port=57218
Apr 02 12:43:09.000000 172.28.0.2 postgres[1107]: [7-1] 2026-04-02 12:43:09.861 UTC [1107] 00000: db=[unknown],user=[unknown],app=[unknown],client=172.28.0.10 LOG:  connection received: host=172.28.0.10 port=57234
Apr 02 12:43:09.000000 172.28.0.2 postgres[1108]: [7-1] 2026-04-02 12:43:09.861 UTC [1108] 00000: db=[unknown],user=[unknown],app=[unknown],client=172.28.0.10 LOG:  connection received: host=172.28.0.10 port=57242
Apr 02 12:43:09.000000 172.28.0.2 postgres[1105]: [8-1] 2026-04-02 12:43:09.865 UTC [1105] 00000: db=app_db,user=app_user,app=[unknown],client=172.28.0.10 LOG:  connection authenticated: identity="app_user" method=scram-sha-256 (/var/lib/postgresql/data/pg_hba.conf:128)
Apr 02 12:43:09.000000 172.28.0.2 postgres[1105]: [9-1] 2026-04-02 12:43:09.865 UTC [1105] 00000: db=app_db,user=app_user,app=[unknown],client=172.28.0.10 LOG:  connection authorized: user=app_user database=app_db application_name=webapp
Apr 02 12:43:09.000000 172.28.0.2 postgres[1106]: [8-1] 2026-04-02 12:43:09.866 UTC [1106] 00000: db=app_db,user=app_user,app=[unknown],client=172.28.0.10 LOG:  connection authenticated: identity="app_user" method=scram-sha-256 (/var/lib/postgresql/data/pg_hba.conf:128)
Apr 02 12:43:09.000000 172.28.0.2 postgres[1106]: [9-1] 2026-04-02 12:43:09.866 UTC [1106] 00000: db=app_db,user=app_user,app=[unknown],client=172.28.0.10 LOG:  connection authorized: user=app_user database=app_db application_name=webapp
Apr 02 12:43:09.000000 172.28.0.2 postgres[1107]: [8-1] 2026-04-02 12:43:09.867 UTC [1107] 00000: db=app_db,user=app_user,app=[unknown],client=172.28.0.10 LOG:  connection authenticated: identity="app_user" method=scram-sha-256 (/var/lib/postgresql/data/pg_hba.conf:128)
Apr 02 12:43:09.000000 172.28.0.2 postgres[1107]: [9-1] 2026-04-02 12:43:09.867 UTC [1107] 00000: db=app_db,user=app_user,app=[unknown],client=172.28.0.10 LOG:  connection authorized: user=app_user database=app_db application_name=webapp
Apr 02 12:43:09.000000 172.28.0.2 postgres[1108]: [8-1] 2026-04-02 12:43:09.867 UTC [1108] 00000: db=app_db,user=app_user,app=[unknown],client=172.28.0.10 LOG:  connection authenticated: identity="app_user" method=scram-sha-256 (/var/lib/postgresql/data/pg_hba.conf:128)
Apr 02 12:43:09.000000 172.28.0.2 postgres[1108]: [9-1] 2026-04-02 12:43:09.867 UTC [1108] 00000: db=app_db,user=app_user,app=[unknown],client=172.28.0.10 LOG:  connection authorized: user=app_user database=app_db application_name=webapp
Apr 02 12:43:09.000000 172.28.0.2 postgres[1105]: [10-1] 2026-04-02 12:43:09.868 UTC [1105] 01000: db=app_db,user=app_user,app=webapp,client=172.28.0.10 WARNING:  Commande #77777 introuvable lors de la vérification d'intégrité
Apr 02 12:43:09.000000 172.28.0.2 postgres[1105]: [10-2] 2026-04-02 12:43:09.868 UTC [1105] 01000: db=app_db,user=app_user,app=webapp,client=172.28.0.10 CONTEXT:  PL/pgSQL function check_order_integrity(integer) line 11 at RAISE
Apr 02 12:43:09.000000 172.28.0.2 postgres[1105]: [11-1] 2026-04-02 12:43:09.869 UTC [1105] 00000: db=app_db,user=app_user,app=webapp,client=172.28.0.10 LOG:  duration: 2.444 ms  statement: SELECT check_order_integrity(77777);
Apr 02 12:43:09.000000 172.28.0.2 postgres[1105]: [12-1] 2026-04-02 12:43:09.869 UTC [1105] 00000: db=app_db,user=app_user,app=webapp,client=172.28.0.10 LOG:  disconnection: session time: 0:00:00.009 user=app_user database=app_db host=172.28.0.10 port=57208
Apr 02 12:43:09.000000 172.28.0.2 postgres[1106]: [10-1] 2026-04-02 12:43:09.869 UTC [1106] 01000: db=app_db,user=app_user,app=webapp,client=172.28.0.10 WARNING:  Commande #99999 introuvable lors de la vérification d'intégrité
Apr 02 12:43:09.000000 172.28.0.2 postgres[1107]: [10-1] 2026-04-02 12:43:09.869 UTC [1107] 01000: db=app_db,user=app_user,app=webapp,client=172.28.0.10 WARNING:  Commande #88888 introuvable lors de la vérification d'intégrité
Apr 02 12:43:09.000000 172.28.0.2 postgres[1106]: [10-2] 2026-04-02 12:43:09.869 UTC [1106] 01000: db=app_db,user=app_user,app=webapp,client=172.28.0.10 CONTEXT:  PL/pgSQL function check_order_integrity(integer) line 11 at RAISE
Apr 02 12:43:09.000000 172.28.0.2 postgres[1107]: [10-2] 2026-04-02 12:43:09.869 UTC [1107] 01000: db=app_db,user=app_user,app=webapp,client=172.28.0.10 CONTEXT:  PL/pgSQL function check_order_integrity(integer) line 11 at RAISE
Apr 02 12:43:09.000000 172.28.0.2 postgres[1106]: [11-1] 2026-04-02 12:43:09.869 UTC [1106] 00000: db=app_db,user=app_user,app=webapp,client=172.28.0.10 LOG:  duration: 1.546 ms  statement: SELECT check_order_integrity(99999);
Apr 02 12:43:09.000000 172.28.0.2 postgres[1107]: [11-1] 2026-04-02 12:43:09.869 UTC [1107] 00000: db=app_db,user=app_user,app=webapp,client=172.28.0.10 LOG:  duration: 1.498 ms  statement: SELECT check_order_integrity(88888);
Apr 02 12:43:09.000000 172.28.0.2 postgres[1107]: [12-1] 2026-04-02 12:43:09.869 UTC [1107] 00000: db=app_db,user=app_user,app=webapp,client=172.28.0.10 LOG:  disconnection: session time: 0:00:00.008 user=app_user database=app_db host=172.28.0.10 port=57234
Apr 02 12:43:09.000000 172.28.0.2 postgres[1106]: [12-1] 2026-04-02 12:43:09.870 UTC [1106] 00000: db=app_db,user=app_user,app=webapp,client=172.28.0.10 LOG:  disconnection: session time: 0:00:00.008 user=app_user database=app_db host=172.28.0.10 port=57218
Apr 02 12:43:09.000000 172.28.0.2 postgres[1108]: [10-1] 2026-04-02 12:43:09.871 UTC [1108] 01000: db=app_db,user=app_user,app=webapp,client=172.28.0.10 WARNING:  Montant élevé détecté sur commande #4: 2500.00 EUR — vérification manuelle requise
Apr 02 12:43:09.000000 172.28.0.2 postgres[1108]: [10-2] 2026-04-02 12:43:09.871 UTC [1108] 01000: db=app_db,user=app_user,app=webapp,client=172.28.0.10 CONTEXT:  PL/pgSQL function check_order_integrity(integer) line 16 at RAISE
Apr 02 12:43:09.000000 172.28.0.2 postgres[1108]: [11-1] 2026-04-02 12:43:09.873 UTC [1108] 00000: db=app_db,user=app_user,app=webapp,client=172.28.0.10 LOG:  duration: 4.373 ms  statement: 
Apr 02 12:43:09.000000 172.28.0.2 postgres[1108]: [11-2] 	        INSERT INTO orders (user_id, amount, status) VALUES (1, 2500.00, 'pending');
Apr 02 12:43:09.000000 172.28.0.2 postgres[1108]: [11-3] 	        SELECT check_order_integrity(currval('orders_id_seq')::int);
Apr 02 12:43:09.000000 172.28.0.2 postgres[1108]: [11-4] 	    
Apr 02 12:43:09.000000 172.28.0.2 postgres[1108]: [12-1] 2026-04-02 12:43:09.873 UTC [1108] 00000: db=app_db,user=app_user,app=webapp,client=172.28.0.10 LOG:  disconnection: session time: 0:00:00.011 user=app_user database=app_db host=172.28.0.10 port=57242
Apr 02 12:43:11.000000 172.28.0.2 postgres[57]: [15-1] 2026-04-02 12:43:11.431 UTC [57] 00000: db=,user=,app=,client= LOG:  checkpoint starting: time
Apr 02 12:43:13.000000 172.28.0.2 postgres[1116]: [7-1] 2026-04-02 12:43:13.484 UTC [1116] 00000: db=[unknown],user=[unknown],app=[unknown],client=[local] LOG:  connection received: host=[local]
Apr 02 12:43:13.000000 172.28.0.2 postgres[1116]: [8-1] 2026-04-02 12:43:13.484 UTC [1116] 00000: db=postgres,user=postgres,app=[unknown],client=[local] LOG:  connection authenticated: user="postgres" method=trust (/var/lib/postgresql/data/pg_hba.conf:117)
Apr 02 12:43:13.000000 172.28.0.2 postgres[1116]: [9-1] 2026-04-02 12:43:13.484 UTC [1116] 00000: db=postgres,user=postgres,app=[unknown],client=[local] LOG:  connection authorized: user=postgres database=postgres application_name=pg_isready
Apr 02 12:43:13.000000 172.28.0.2 postgres[1116]: [10-1] 2026-04-02 12:43:13.485 UTC [1116] 00000: db=postgres,user=postgres,app=pg_isready,client=[local] LOG:  disconnection: session time: 0:00:00.001 user=postgres database=postgres host=[local]
Apr 02 12:43:16.000000 172.28.0.2 postgres[57]: [16-1] 2026-04-02 12:43:16.984 UTC [57] 00000: db=,user=,app=,client= LOG:  checkpoint complete: wrote 54 buffers (0.3%); 0 WAL file(s) added, 0 removed, 0 recycled; write=5.531 s, sync=0.011 s, total=5.554 s; sync files=14, longest=0.007 s, average=0.001 s; distance=43 kB, estimate=23636 kB; lsn=0/5A13C58, redo lsn=0/5A13C00
Apr 02 12:43:18.000000 172.28.0.2 postgres[1124]: [7-1] 2026-04-02 12:43:18.571 UTC [1124] 00000: db=[unknown],user=[unknown],app=[unknown],client=[local] LOG:  connection received: host=[local]
Apr 02 12:43:18.000000 172.28.0.2 postgres[1124]: [8-1] 2026-04-02 12:43:18.572 UTC [1124] 00000: db=postgres,user=postgres,app=[unknown],client=[local] LOG:  connection authenticated: user="postgres" method=trust (/var/lib/postgresql/data/pg_hba.conf:117)
Apr 02 12:43:18.000000 172.28.0.2 postgres[1124]: [9-1] 2026-04-02 12:43:18.572 UTC [1124] 00000: db=postgres,user=postgres,app=[unknown],client=[local] LOG:  connection authorized: user=postgres database=postgres application_name=pg_isready
Apr 02 12:43:18.000000 172.28.0.2 postgres[1124]: [10-1] 2026-04-02 12:43:18.573 UTC [1124] 00000: db=postgres,user=postgres,app=pg_isready,client=[local] LOG:  disconnection: session time: 0:00:00.002 user=postgres database=postgres host=[local]
Apr 02 12:43:23.000000 172.28.0.2 postgres[1132]: [7-1] 2026-04-02 12:43:23.645 UTC [1132] 00000: db=[unknown],user=[unknown],app=[unknown],client=[local] LOG:  connection received: host=[local]
Apr 02 12:43:23.000000 172.28.0.2 postgres[1132]: [8-1] 2026-04-02 12:43:23.647 UTC [1132] 00000: db=postgres,user=postgres,app=[unknown],client=[local] LOG:  connection authenticated: user="postgres" method=trust (/var/lib/postgresql/data/pg_hba.conf:117)
Apr 02 12:43:23.000000 172.28.0.2 postgres[1132]: [9-1] 2026-04-02 12:43:23.647 UTC [1132] 00000: db=postgres,user=postgres,app=[unknown],client=[local] LOG:  connection authorized: user=postgres database=postgres application_name=pg_isready
Apr 02 12:43:23.000000 172.28.0.2 postgres[1132]: [10-1] 2026-04-02 12:43:23.648 UTC [1132] 00000: db=postgres,user=postgres,app=pg_isready,client=[local] LOG:  disconnection: session time: 0:00:00.003 user=postgres database=postgres host=[local]
Apr 02 12:43:28.000000 172.28.0.2 postgres[1141]: [7-1] 2026-04-02 12:43:28.689 UTC [1141] 00000: db=[unknown],user=[unknown],app=[unknown],client=[local] LOG:  connection received: host=[local]
Apr 02 12:43:28.000000 172.28.0.2 postgres[1141]: [8-1] 2026-04-02 12:43:28.690 UTC [1141] 00000: db=postgres,user=postgres,app=[unknown],client=[local] LOG:  connection authenticated: user="postgres" method=trust (/var/lib/postgresql/data/pg_hba.conf:117)
Apr 02 12:43:28.000000 172.28.0.2 postgres[1141]: [9-1] 2026-04-02 12:43:28.690 UTC [1141] 00000: db=postgres,user=postgres,app=[unknown],client=[local] LOG:  connection authorized: user=postgres database=postgres application_name=pg_isready
Apr 02 12:43:28.000000 172.28.0.2 postgres[1141]: [10-1] 2026-04-02 12:43:28.691 UTC [1141] 00000: db=postgres,user=postgres,app=pg_isready,client=[local] LOG:  disconnection: session time: 0:00:00.001 user=postgres database=postgres host=[local]
Apr 02 12:43:33.000000 172.28.0.2 postgres[1149]: [7-1] 2026-04-02 12:43:33.745 UTC [1149] 00000: db=[unknown],user=[unknown],app=[unknown],client=[local] LOG:  connection received: host=[local]
Apr 02 12:43:33.000000 172.28.0.2 postgres[1149]: [8-1] 2026-04-02 12:43:33.746 UTC [1149] 00000: db=postgres,user=postgres,app=[unknown],client=[local] LOG:  connection authenticated: user="postgres" method=trust (/var/lib/postgresql/data/pg_hba.conf:117)
Apr 02 12:43:33.000000 172.28.0.2 postgres[1149]: [9-1] 2026-04-02 12:43:33.746 UTC [1149] 00000: db=postgres,user=postgres,app=[unknown],client=[local] LOG:  connection authorized: user=postgres database=postgres application_name=pg_isready
Apr 02 12:43:33.000000 172.28.0.2 postgres[1149]: [10-1] 2026-04-02 12:43:33.747 UTC [1149] 00000: db=postgres,user=postgres,app=pg_isready,client=[local] LOG:  disconnection: session time: 0:00:00.001 user=postgres database=postgres host=[local]
Apr 02 12:43:38.000000 172.28.0.2 postgres[1157]: [7-1] 2026-04-02 12:43:38.823 UTC [1157] 00000: db=[unknown],user=[unknown],app=[unknown],client=[local] LOG:  connection received: host=[local]
Apr 02 12:43:38.000000 172.28.0.2 postgres[1157]: [8-1] 2026-04-02 12:43:38.825 UTC [1157] 00000: db=postgres,user=postgres,app=[unknown],client=[local] LOG:  connection authenticated: user="postgres" method=trust (/var/lib/postgresql/data/pg_hba.conf:117)
Apr 02 12:43:38.000000 172.28.0.2 postgres[1157]: [9-1] 2026-04-02 12:43:38.825 UTC [1157] 00000: db=postgres,user=postgres,app=[unknown],client=[local] LOG:  connection authorized: user=postgres database=postgres application_name=pg_isready
Apr 02 12:43:38.000000 172.28.0.2 postgres[1157]: [10-1] 2026-04-02 12:43:38.827 UTC [1157] 00000: db=postgres,user=postgres,app=pg_isready,client=[local] LOG:  disconnection: session time: 0:00:00.004 user=postgres database=postgres host=[local]
Apr 02 12:43:40.000000 172.28.0.2 postgres[1159]: [7-1] 2026-04-02 12:43:40.226 UTC [1159] 00000: db=[unknown],user=[unknown],app=[unknown],client=172.28.0.10 LOG:  connection received: host=172.28.0.10 port=44376
Apr 02 12:43:40.000000 172.28.0.2 postgres[1160]: [7-1] 2026-04-02 12:43:40.226 UTC [1160] 00000: db=[unknown],user=[unknown],app=[unknown],client=172.28.0.10 LOG:  connection received: host=172.28.0.10 port=44374
Apr 02 12:43:40.000000 172.28.0.2 postgres[1161]: [7-1] 2026-04-02 12:43:40.227 UTC [1161] 00000: db=[unknown],user=[unknown],app=[unknown],client=172.28.0.10 LOG:  connection received: host=172.28.0.10 port=44370
Apr 02 12:43:40.000000 172.28.0.2 postgres[1162]: [7-1] 2026-04-02 12:43:40.227 UTC [1162] 00000: db=[unknown],user=[unknown],app=[unknown],client=172.28.0.10 LOG:  connection received: host=172.28.0.10 port=44372
Apr 02 12:43:40.000000 172.28.0.2 postgres[1163]: [7-1] 2026-04-02 12:43:40.227 UTC [1163] 00000: db=[unknown],user=[unknown],app=[unknown],client=172.28.0.10 LOG:  connection received: host=172.28.0.10 port=44368
Apr 02 12:43:40.000000 172.28.0.2 postgres[1164]: [7-1] 2026-04-02 12:43:40.228 UTC [1164] 00000: db=[unknown],user=[unknown],app=[unknown],client=172.28.0.10 LOG:  connection received: host=172.28.0.10 port=44418
Apr 02 12:43:40.000000 172.28.0.2 postgres[1159]: [8-1] 2026-04-02 12:43:40.231 UTC [1159] 00000: db=app_db,user=app_user,app=[unknown],client=172.28.0.10 LOG:  connection authenticated: identity="app_user" method=scram-sha-256 (/var/lib/postgresql/data/pg_hba.conf:128)
Apr 02 12:43:40.000000 172.28.0.2 postgres[1159]: [9-1] 2026-04-02 12:43:40.231 UTC [1159] 00000: db=app_db,user=app_user,app=[unknown],client=172.28.0.10 LOG:  connection authorized: user=app_user database=app_db application_name=webapp
Apr 02 12:43:40.000000 172.28.0.2 postgres[1161]: [8-1] 2026-04-02 12:43:40.232 UTC [1161] 00000: db=app_db,user=app_user,app=[unknown],client=172.28.0.10 LOG:  connection authenticated: identity="app_user" method=scram-sha-256 (/var/lib/postgresql/data/pg_hba.conf:128)
Apr 02 12:43:40.000000 172.28.0.2 postgres[1161]: [9-1] 2026-04-02 12:43:40.232 UTC [1161] 00000: db=app_db,user=app_user,app=[unknown],client=172.28.0.10 LOG:  connection authorized: user=app_user database=app_db application_name=webapp
Apr 02 12:43:40.000000 172.28.0.2 postgres[1160]: [8-1] 2026-04-02 12:43:40.232 UTC [1160] 00000: db=app_db,user=app_user,app=[unknown],client=172.28.0.10 LOG:  connection authenticated: identity="app_user" method=scram-sha-256 (/var/lib/postgresql/data/pg_hba.conf:128)
Apr 02 12:43:40.000000 172.28.0.2 postgres[1160]: [9-1] 2026-04-02 12:43:40.232 UTC [1160] 00000: db=app_db,user=app_user,app=[unknown],client=172.28.0.10 LOG:  connection authorized: user=app_user database=app_db application_name=webapp
Apr 02 12:43:40.000000 172.28.0.2 postgres[1163]: [8-1] 2026-04-02 12:43:40.233 UTC [1163] 00000: db=app_db,user=app_user,app=[unknown],client=172.28.0.10 LOG:  connection authenticated: identity="app_user" method=scram-sha-256 (/var/lib/postgresql/data/pg_hba.conf:128)
Apr 02 12:43:40.000000 172.28.0.2 postgres[1163]: [9-1] 2026-04-02 12:43:40.233 UTC [1163] 00000: db=app_db,user=app_user,app=[unknown],client=172.28.0.10 LOG:  connection authorized: user=app_user database=app_db application_name=webapp
Apr 02 12:43:40.000000 172.28.0.2 postgres[1162]: [8-1] 2026-04-02 12:43:40.233 UTC [1162] 00000: db=app_db,user=app_user,app=[unknown],client=172.28.0.10 LOG:  connection authenticated: identity="app_user" method=scram-sha-256 (/var/lib/postgresql/data/pg_hba.conf:128)
Apr 02 12:43:40.000000 172.28.0.2 postgres[1162]: [9-1] 2026-04-02 12:43:40.233 UTC [1162] 00000: db=app_db,user=app_user,app=[unknown],client=172.28.0.10 LOG:  connection authorized: user=app_user database=app_db application_name=webapp
Apr 02 12:43:40.000000 172.28.0.2 postgres[1164]: [8-1] 2026-04-02 12:43:40.234 UTC [1164] 00000: db=app_db,user=app_user,app=[unknown],client=172.28.0.10 LOG:  connection authenticated: identity="app_user" method=scram-sha-256 (/var/lib/postgresql/data/pg_hba.conf:128)
Apr 02 12:43:40.000000 172.28.0.2 postgres[1164]: [9-1] 2026-04-02 12:43:40.234 UTC [1164] 00000: db=app_db,user=app_user,app=[unknown],client=172.28.0.10 LOG:  connection authorized: user=app_user database=app_db application_name=webapp
Apr 02 12:43:40.000000 172.28.0.2 postgres[1163]: [10-1] 2026-04-02 12:43:40.236 UTC [1163] 00000: db=app_db,user=app_user,app=webapp,client=172.28.0.10 LOG:  duration: 2.358 ms  statement: 
Apr 02 12:43:40.000000 172.28.0.2 postgres[1161]: [10-1] 2026-04-02 12:43:40.236 UTC [1161] 00000: db=app_db,user=app_user,app=webapp,client=172.28.0.10 LOG:  duration: 3.128 ms  statement: 
Apr 02 12:43:40.000000 172.28.0.2 postgres[1161]: [10-2] 	            SELECT u.username, COUNT(o.id) as order_count
Apr 02 12:43:40.000000 172.28.0.2 postgres[1161]: [10-3] 	            FROM users u LEFT JOIN orders o ON u.id = o.user_id
Apr 02 12:43:40.000000 172.28.0.2 postgres[1161]: [10-4] 	            WHERE u.id = 3 GROUP BY u.username;
Apr 02 12:43:40.000000 172.28.0.2 postgres[1161]: [10-5] 	        
Apr 02 12:43:40.000000 172.28.0.2 postgres[1160]: [10-1] 2026-04-02 12:43:40.236 UTC [1160] 00000: db=app_db,user=app_user,app=webapp,client=172.28.0.10 LOG:  duration: 3.021 ms  statement: 
Apr 02 12:43:40.000000 172.28.0.2 postgres[1163]: [10-2] 	            SELECT * FROM products WHERE category = 'widgets' ORDER BY price LIMIT 10;
Apr 02 12:43:40.000000 172.28.0.2 postgres[1160]: [10-2] 	            SELECT * FROM products WHERE category = 'widgets' ORDER BY price LIMIT 10;
Apr 02 12:43:40.000000 172.28.0.2 postgres[1160]: [10-3] 	        
Apr 02 12:43:40.000000 172.28.0.2 postgres[1163]: [10-3] 	        
Apr 02 12:43:40.000000 172.28.0.2 postgres[1163]: [11-1] 2026-04-02 12:43:40.236 UTC [1163] 00000: db=app_db,user=app_user,app=webapp,client=172.28.0.10 LOG:  disconnection: session time: 0:00:00.009 user=app_user database=app_db host=172.28.0.10 port=44368
Apr 02 12:43:40.000000 172.28.0.2 postgres[1162]: [10-1] 2026-04-02 12:43:40.237 UTC [1162] 00000: db=app_db,user=app_user,app=webapp,client=172.28.0.10 LOG:  duration: 2.415 ms  statement: 
Apr 02 12:43:40.000000 172.28.0.2 postgres[1162]: [10-2] 	            SELECT * FROM products WHERE category = 'widgets' ORDER BY price LIMIT 10;
Apr 02 12:43:40.000000 172.28.0.2 postgres[1162]: [10-3] 	        
Apr 02 12:43:40.000000 172.28.0.2 postgres[1160]: [11-1] 2026-04-02 12:43:40.237 UTC [1160] 00000: db=app_db,user=app_user,app=webapp,client=172.28.0.10 LOG:  disconnection: session time: 0:00:00.010 user=app_user database=app_db host=172.28.0.10 port=44374
Apr 02 12:43:40.000000 172.28.0.2 postgres[1159]: [10-1] 2026-04-02 12:43:40.237 UTC [1159] 00000: db=app_db,user=app_user,app=webapp,client=172.28.0.10 LOG:  duration: 4.495 ms  statement: 
Apr 02 12:43:40.000000 172.28.0.2 postgres[1159]: [10-2] 	            SELECT u.username, COUNT(o.id) as order_count
Apr 02 12:43:40.000000 172.28.0.2 postgres[1162]: [11-1] 2026-04-02 12:43:40.237 UTC [1162] 00000: db=app_db,user=app_user,app=webapp,client=172.28.0.10 LOG:  disconnection: session time: 0:00:00.009 user=app_user database=app_db host=172.28.0.10 port=44372
Apr 02 12:43:40.000000 172.28.0.2 postgres[1159]: [10-3] 	            FROM users u LEFT JOIN orders o ON u.id = o.user_id
Apr 02 12:43:40.000000 172.28.0.2 postgres[1159]: [10-4] 	            WHERE u.id = 1 GROUP BY u.username;
Apr 02 12:43:40.000000 172.28.0.2 postgres[1159]: [10-5] 	        
Apr 02 12:43:40.000000 172.28.0.2 postgres[1164]: [10-1] 2026-04-02 12:43:40.237 UTC [1164] 00000: db=app_db,user=app_user,app=webapp,client=172.28.0.10 LOG:  duration: 2.702 ms  statement: 
Apr 02 12:43:40.000000 172.28.0.2 postgres[1164]: [10-2] 	            SELECT u.username, COUNT(o.id) as order_count
Apr 02 12:43:40.000000 172.28.0.2 postgres[1164]: [10-3] 	            FROM users u LEFT JOIN orders o ON u.id = o.user_id
Apr 02 12:43:40.000000 172.28.0.2 postgres[1164]: [10-4] 	            WHERE u.id = 6 GROUP BY u.username;
Apr 02 12:43:40.000000 172.28.0.2 postgres[1164]: [10-5] 	        
Apr 02 12:43:40.000000 172.28.0.2 postgres[1164]: [11-1] 2026-04-02 12:43:40.237 UTC [1164] 00000: db=app_db,user=app_user,app=webapp,client=172.28.0.10 LOG:  disconnection: session time: 0:00:00.009 user=app_user database=app_db host=172.28.0.10 port=44418
Apr 02 12:43:40.000000 172.28.0.2 postgres[1159]: [11-1] 2026-04-02 12:43:40.238 UTC [1159] 00000: db=app_db,user=app_user,app=webapp,client=172.28.0.10 LOG:  disconnection: session time: 0:00:00.012 user=app_user database=app_db host=172.28.0.10 port=44376
Apr 02 12:43:40.000000 172.28.0.2 postgres[1161]: [11-1] 2026-04-02 12:43:40.238 UTC [1161] 00000: db=app_db,user=app_user,app=webapp,client=172.28.0.10 LOG:  disconnection: session time: 0:00:00.011 user=app_user database=app_db host=172.28.0.10 port=44370
Apr 02 12:43:40.000000 172.28.0.2 postgres[1165]: [7-1] 2026-04-02 12:43:40.349 UTC [1165] 00000: db=[unknown],user=[unknown],app=[unknown],client=172.28.0.10 LOG:  connection received: host=172.28.0.10 port=44422
Apr 02 12:43:40.000000 172.28.0.2 postgres[1166]: [7-1] 2026-04-02 12:43:40.349 UTC [1166] 00000: db=[unknown],user=[unknown],app=[unknown],client=172.28.0.10 LOG:  connection received: host=172.28.0.10 port=44442
Apr 02 12:43:40.000000 172.28.0.2 postgres[1167]: [7-1] 2026-04-02 12:43:40.349 UTC [1167] 00000: db=[unknown],user=[unknown],app=[unknown],client=172.28.0.10 LOG:  connection received: host=172.28.0.10 port=44436
Apr 02 12:43:40.000000 172.28.0.2 postgres[1167]: [8-1] 2026-04-02 12:43:40.354 UTC [1167] 00000: db=app_db,user=app_user,app=[unknown],client=172.28.0.10 LOG:  connection authenticated: identity="app_user" method=scram-sha-256 (/var/lib/postgresql/data/pg_hba.conf:128)
Apr 02 12:43:40.000000 172.28.0.2 postgres[1167]: [9-1] 2026-04-02 12:43:40.354 UTC [1167] 00000: db=app_db,user=app_user,app=[unknown],client=172.28.0.10 LOG:  connection authorized: user=app_user database=app_db application_name=PostgreSQL JDBC Driver
Apr 02 12:43:40.000000 172.28.0.2 postgres[1165]: [8-1] 2026-04-02 12:43:40.354 UTC [1165] 00000: db=app_db,user=app_user,app=[unknown],client=172.28.0.10 LOG:  connection authenticated: identity="app_user" method=scram-sha-256 (/var/lib/postgresql/data/pg_hba.conf:128)
Apr 02 12:43:40.000000 172.28.0.2 postgres[1165]: [9-1] 2026-04-02 12:43:40.354 UTC [1165] 00000: db=app_db,user=app_user,app=[unknown],client=172.28.0.10 LOG:  connection authorized: user=app_user database=app_db application_name=ITE TaskScheduler - sp_computeallkpis
Apr 02 12:43:40.000000 172.28.0.2 postgres[1166]: [8-1] 2026-04-02 12:43:40.354 UTC [1166] 00000: db=app_db,user=app_user,app=[unknown],client=172.28.0.10 LOG:  connection authenticated: identity="app_user" method=scram-sha-256 (/var/lib/postgresql/data/pg_hba.conf:128)
Apr 02 12:43:40.000000 172.28.0.2 postgres[1166]: [9-1] 2026-04-02 12:43:40.354 UTC [1166] 00000: db=app_db,user=app_user,app=[unknown],client=172.28.0.10 LOG:  connection authorized: user=app_user database=app_db application_name=Django ORM v4.2
Apr 02 12:43:40.000000 172.28.0.2 postgres[1167]: [10-1] 2026-04-02 12:43:40.356 UTC [1167] 00000: db=app_db,user=app_user,app=PostgreSQL JDBC Driver,client=172.28.0.10 LOG:  duration: 0.764 ms  statement: 
Apr 02 12:43:40.000000 172.28.0.2 postgres[1167]: [10-2] 	        SELECT id, username FROM users WHERE id = 2;
Apr 02 12:43:40.000000 172.28.0.2 postgres[1167]: [10-3] 	    
Apr 02 12:43:40.000000 172.28.0.2 postgres[1167]: [11-1] 2026-04-02 12:43:40.356 UTC [1167] 00000: db=app_db,user=app_user,app=PostgreSQL JDBC Driver,client=172.28.0.10 LOG:  disconnection: session time: 0:00:00.006 user=app_user database=app_db host=172.28.0.10 port=44436
Apr 02 12:43:40.000000 172.28.0.2 postgres[1166]: [10-1] 2026-04-02 12:43:40.356 UTC [1166] 00000: db=app_db,user=app_user,app=Django ORM v4.2,client=172.28.0.10 LOG:  duration: 1.397 ms  statement: 
Apr 02 12:43:40.000000 172.28.0.2 postgres[1166]: [10-2] 	        SELECT * FROM products WHERE category = 'gadgets' LIMIT 5;
Apr 02 12:43:40.000000 172.28.0.2 postgres[1166]: [10-3] 	    
Apr 02 12:43:40.000000 172.28.0.2 postgres[1165]: [10-1] 2026-04-02 12:43:40.357 UTC [1165] 00000: db=app_db,user=app_user,app=ITE TaskScheduler - sp_computeallkpis,client=172.28.0.10 LOG:  duration: 1.543 ms  statement: 
Apr 02 12:43:40.000000 172.28.0.2 postgres[1165]: [10-2] 	        SELECT COUNT(*) FROM orders WHERE status = 'pending';
Apr 02 12:43:40.000000 172.28.0.2 postgres[1165]: [10-3] 	    
Apr 02 12:43:40.000000 172.28.0.2 postgres[1166]: [11-1] 2026-04-02 12:43:40.357 UTC [1166] 00000: db=app_db,user=app_user,app=Django ORM v4.2,client=172.28.0.10 LOG:  disconnection: session time: 0:00:00.007 user=app_user database=app_db host=172.28.0.10 port=44442
Apr 02 12:43:40.000000 172.28.0.2 postgres[1165]: [11-1] 2026-04-02 12:43:40.357 UTC [1165] 00000: db=app_db,user=app_user,app=ITE TaskScheduler - sp_computeallkpis,client=172.28.0.10 LOG:  disconnection: session time: 0:00:00.007 user=app_user database=app_db host=172.28.0.10 port=44422
Apr 02 12:43:43.000000 172.28.0.2 postgres[1175]: [7-1] 2026-04-02 12:43:43.901 UTC [1175] 00000: db=[unknown],user=[unknown],app=[unknown],client=[local] LOG:  connection received: host=[local]
Apr 02 12:43:43.000000 172.28.0.2 postgres[1175]: [8-1] 2026-04-02 12:43:43.902 UTC [1175] 00000: db=postgres,user=postgres,app=[unknown],client=[local] LOG:  connection authenticated: user="postgres" method=trust (/var/lib/postgresql/data/pg_hba.conf:117)
Apr 02 12:43:43.000000 172.28.0.2 postgres[1175]: [9-1] 2026-04-02 12:43:43.902 UTC [1175] 00000: db=postgres,user=postgres,app=[unknown],client=[local] LOG:  connection authorized: user=postgres database=postgres application_name=pg_isready
Apr 02 12:43:43.000000 172.28.0.2 postgres[1175]: [10-1] 2026-04-02 12:43:43.903 UTC [1175] 00000: db=postgres,user=postgres,app=pg_isready,client=[local] LOG:  disconnection: session time: 0:00:00.002 user=postgres database=postgres host=[local]
Apr 02 12:43:48.000000 172.28.0.2 postgres[1183]: [7-1] 2026-04-02 12:43:48.973 UTC [1183] 00000: db=[unknown],user=[unknown],app=[unknown],client=[local] LOG:  connection received: host=[local]
Apr 02 12:43:48.000000 172.28.0.2 postgres[1183]: [8-1] 2026-04-02 12:43:48.974 UTC [1183] 00000: db=postgres,user=postgres,app=[unknown],client=[local] LOG:  connection authenticated: user="postgres" method=trust (/var/lib/postgresql/data/pg_hba.conf:117)
Apr 02 12:43:48.000000 172.28.0.2 postgres[1183]: [9-1] 2026-04-02 12:43:48.974 UTC [1183] 00000: db=postgres,user=postgres,app=[unknown],client=[local] LOG:  connection authorized: user=postgres database=postgres application_name=pg_isready
Apr 02 12:43:48.000000 172.28.0.2 postgres[1183]: [10-1] 2026-04-02 12:43:48.975 UTC [1183] 00000: db=postgres,user=postgres,app=pg_isready,client=[local] LOG:  disconnection: session time: 0:00:00.002 user=postgres database=postgres host=[local]
Apr 02 12:43:54.000000 172.28.0.2 postgres[1191]: [7-1] 2026-04-02 12:43:54.058 UTC [1191] 00000: db=[unknown],user=[unknown],app=[unknown],client=[local] LOG:  connection received: host=[local]
Apr 02 12:43:54.000000 172.28.0.2 postgres[1191]: [8-1] 2026-04-02 12:43:54.059 UTC [1191] 00000: db=postgres,user=postgres,app=[unknown],client=[local] LOG:  connection authenticated: user="postgres" method=trust (/var/lib/postgresql/data/pg_hba.conf:117)
Apr 02 12:43:54.000000 172.28.0.2 postgres[1191]: [9-1] 2026-04-02 12:43:54.059 UTC [1191] 00000: db=postgres,user=postgres,app=[unknown],client=[local] LOG:  connection authorized: user=postgres database=postgres application_name=pg_isready
Apr 02 12:43:54.000000 172.28.0.2 postgres[1191]: [10-1] 2026-04-02 12:43:54.061 UTC [1191] 00000: db=postgres,user=postgres,app=pg_isready,client=[local] LOG:  disconnection: session time: 0:00:00.003 user=postgres database=postgres host=[local]
Apr 02 12:43:59.000000 172.28.0.2 postgres[1200]: [7-1] 2026-04-02 12:43:59.131 UTC [1200] 00000: db=[unknown],user=[unknown],app=[unknown],client=[local] LOG:  connection received: host=[local]
Apr 02 12:43:59.000000 172.28.0.2 postgres[1200]: [8-1] 2026-04-02 12:43:59.132 UTC [1200] 00000: db=postgres,user=postgres,app=[unknown],client=[local] LOG:  connection authenticated: user="postgres" method=trust (/var/lib/postgresql/data/pg_hba.conf:117)
Apr 02 12:43:59.000000 172.28.0.2 postgres[1200]: [9-1] 2026-04-02 12:43:59.132 UTC [1200] 00000: db=postgres,user=postgres,app=[unknown],client=[local] LOG:  connection authorized: user=postgres database=postgres application_name=pg_isready
Apr 02 12:43:59.000000 172.28.0.2 postgres[1200]: [10-1] 2026-04-02 12:43:59.133 UTC [1200] 00000: db=postgres,user=postgres,app=pg_isready,client=[local] LOG:  disconnection: session time: 0:00:00.002 user=postgres database=postgres host=[local]
Apr 02 12:44:04.000000 172.28.0.2 postgres[1208]: [7-1] 2026-04-02 12:44:04.206 UTC [1208] 00000: db=[unknown],user=[unknown],app=[unknown],client=[local] LOG:  connection received: host=[local]
Apr 02 12:44:04.000000 172.28.0.2 postgres[1208]: [8-1] 2026-04-02 12:44:04.207 UTC [1208] 00000: db=postgres,user=postgres,app=[unknown],client=[local] LOG:  connection authenticated: user="postgres" method=trust (/var/lib/postgresql/data/pg_hba.conf:117)
Apr 02 12:44:04.000000 172.28.0.2 postgres[1208]: [9-1] 2026-04-02 12:44:04.207 UTC [1208] 00000: db=postgres,user=postgres,app=[unknown],client=[local] LOG:  connection authorized: user=postgres database=postgres application_name=pg_isready
Apr 02 12:44:04.000000 172.28.0.2 postgres[1208]: [10-1] 2026-04-02 12:44:04.209 UTC [1208] 00000: db=postgres,user=postgres,app=pg_isready,client=[local] LOG:  disconnection: session time: 0:00:00.002 user=postgres database=postgres host=[local]
Apr 02 12:44:09.000000 172.28.0.2 postgres[1216]: [7-1] 2026-04-02 12:44:09.260 UTC [1216] 00000: db=[unknown],user=[unknown],app=[unknown],client=[local] LOG:  connection received: host=[local]
Apr 02 12:44:09.000000 172.28.0.2 postgres[1216]: [8-1] 2026-04-02 12:44:09.261 UTC [1216] 00000: db=postgres,user=postgres,app=[unknown],client=[local] LOG:  connection authenticated: user="postgres" method=trust (/var/lib/postgresql/data/pg_hba.conf:117)
Apr 02 12:44:09.000000 172.28.0.2 postgres[1216]: [9-1] 2026-04-02 12:44:09.261 UTC [1216] 00000: db=postgres,user=postgres,app=[unknown],client=[local] LOG:  connection authorized: user=postgres database=postgres application_name=pg_isready
Apr 02 12:44:09.000000 172.28.0.2 postgres[1216]: [10-1] 2026-04-02 12:44:09.262 UTC [1216] 00000: db=postgres,user=postgres,app=pg_isready,client=[local] LOG:  disconnection: session time: 0:00:00.002 user=postgres database=postgres host=[local]
Apr 02 12:44:10.000000 172.28.0.2 postgres[1218]: [7-1] 2026-04-02 12:44:10.712 UTC [1218] 00000: db=[unknown],user=[unknown],app=[unknown],client=172.28.0.10 LOG:  connection received: host=172.28.0.10 port=50080
Apr 02 12:44:10.000000 172.28.0.2 postgres[1219]: [7-1] 2026-04-02 12:44:10.712 UTC [1219] 00000: db=[unknown],user=[unknown],app=[unknown],client=172.28.0.10 LOG:  connection received: host=172.28.0.10 port=50094
Apr 02 12:44:10.000000 172.28.0.2 postgres[1220]: [7-1] 2026-04-02 12:44:10.713 UTC [1220] 00000: db=[unknown],user=[unknown],app=[unknown],client=172.28.0.10 LOG:  connection received: host=172.28.0.10 port=50106
Apr 02 12:44:10.000000 172.28.0.2 postgres[1221]: [7-1] 2026-04-02 12:44:10.713 UTC [1221] 00000: db=[unknown],user=[unknown],app=[unknown],client=172.28.0.10 LOG:  connection received: host=172.28.0.10 port=50116
Apr 02 12:44:10.000000 172.28.0.2 postgres[1222]: [7-1] 2026-04-02 12:44:10.713 UTC [1222] 00000: db=[unknown],user=[unknown],app=[unknown],client=172.28.0.10 LOG:  connection received: host=172.28.0.10 port=50126
Apr 02 12:44:10.000000 172.28.0.2 postgres[1223]: [7-1] 2026-04-02 12:44:10.717 UTC [1223] 00000: db=[unknown],user=[unknown],app=[unknown],client=172.28.0.10 LOG:  connection received: host=172.28.0.10 port=50136
Apr 02 12:44:10.000000 172.28.0.2 postgres[1218]: [8-1] 2026-04-02 12:44:10.718 UTC [1218] 00000: db=app_db,user=app_user,app=[unknown],client=172.28.0.10 LOG:  connection authenticated: identity="app_user" method=scram-sha-256 (/var/lib/postgresql/data/pg_hba.conf:128)
Apr 02 12:44:10.000000 172.28.0.2 postgres[1218]: [9-1] 2026-04-02 12:44:10.718 UTC [1218] 00000: db=app_db,user=app_user,app=[unknown],client=172.28.0.10 LOG:  connection authorized: user=app_user database=app_db application_name=webapp
Apr 02 12:44:10.000000 172.28.0.2 postgres[1219]: [8-1] 2026-04-02 12:44:10.718 UTC [1219] 00000: db=app_db,user=app_user,app=[unknown],client=172.28.0.10 LOG:  connection authenticated: identity="app_user" method=scram-sha-256 (/var/lib/postgresql/data/pg_hba.conf:128)
Apr 02 12:44:10.000000 172.28.0.2 postgres[1219]: [9-1] 2026-04-02 12:44:10.718 UTC [1219] 00000: db=app_db,user=app_user,app=[unknown],client=172.28.0.10 LOG:  connection authorized: user=app_user database=app_db application_name=webapp
Apr 02 12:44:10.000000 172.28.0.2 postgres[1221]: [8-1] 2026-04-02 12:44:10.718 UTC [1221] 00000: db=app_db,user=app_user,app=[unknown],client=172.28.0.10 LOG:  connection authenticated: identity="app_user" method=scram-sha-256 (/var/lib/postgresql/data/pg_hba.conf:128)
Apr 02 12:44:10.000000 172.28.0.2 postgres[1221]: [9-1] 2026-04-02 12:44:10.718 UTC [1221] 00000: db=app_db,user=app_user,app=[unknown],client=172.28.0.10 LOG:  connection authorized: user=app_user database=app_db application_name=webapp
Apr 02 12:44:10.000000 172.28.0.2 postgres[1220]: [8-1] 2026-04-02 12:44:10.719 UTC [1220] 00000: db=app_db,user=app_user,app=[unknown],client=172.28.0.10 LOG:  connection authenticated: identity="app_user" method=scram-sha-256 (/var/lib/postgresql/data/pg_hba.conf:128)
Apr 02 12:44:10.000000 172.28.0.2 postgres[1220]: [9-1] 2026-04-02 12:44:10.719 UTC [1220] 00000: db=app_db,user=app_user,app=[unknown],client=172.28.0.10 LOG:  connection authorized: user=app_user database=app_db application_name=webapp
Apr 02 12:44:10.000000 172.28.0.2 postgres[1222]: [8-1] 2026-04-02 12:44:10.719 UTC [1222] 00000: db=app_db,user=app_user,app=[unknown],client=172.28.0.10 LOG:  connection authenticated: identity="app_user" method=scram-sha-256 (/var/lib/postgresql/data/pg_hba.conf:128)
Apr 02 12:44:10.000000 172.28.0.2 postgres[1222]: [9-1] 2026-04-02 12:44:10.719 UTC [1222] 00000: db=app_db,user=app_user,app=[unknown],client=172.28.0.10 LOG:  connection authorized: user=app_user database=app_db application_name=webapp
Apr 02 12:44:10.000000 172.28.0.2 postgres[1219]: [10-1] 2026-04-02 12:44:10.721 UTC [1219] 00000: db=app_db,user=app_user,app=webapp,client=172.28.0.10 LOG:  duration: 1.934 ms  statement: 
