## SUMMARY

This _quellog_ report summarizes **8** log entries collected between 20 Apr 2026, 08:42 (UTC) — 20 Apr 2026, 23:55 (UTC), spanning 15h 12m 51s of activity.

## EVENTS

- **LOG**: 8 (100.0%)

## SERVER

- **Starts**: 1
- **Reloads (SIGHUP)**: 1
- **Shutdowns**: 1 fast, 0 immediate, 0 smart
- **Crash recoveries**: 1 ("not properly shut down")
- **Backend crashes**: 1 (signals: 11×1)

### Config parameter changes

| Parameter                  | Old | New  | When                |
|----------------------------|-----|------|---------------------|
| work_mem                   | -   | 16MB | 2026-04-20 14:22:08 |
| log_min_duration_statement | -   | 100  | 2026-04-20 14:22:08 |

### Timeline

| Time                | Event    | Detail                                         |
|---------------------|----------|------------------------------------------------|
| 2026-04-20 08:42:11 | recovery | not properly shut down — automatic recovery  |
| 2026-04-20 08:42:12 | start    | database system is ready to accept connections |
| 2026-04-20 14:22:08 | sighup   | reloading configuration files                  |
| 2026-04-20 16:11:02 | crash    | PID 12345 terminated by signal 11              |
| 2026-04-20 23:55:00 | shutdown | fast shutdown request                          |


